Archive member included to satisfy reference by file (symbol)

app/libapp.a(main.c.obj)      (--whole-archive)
zephyr/libzephyr.a(heap.c.obj)
                              (--whole-archive)
zephyr/libzephyr.a(cbprintf_packaged.c.obj)
                              (--whole-archive)
zephyr/libzephyr.a(printk.c.obj)
                              (--whole-archive)
zephyr/libzephyr.a(sem.c.obj)
                              (--whole-archive)
zephyr/libzephyr.a(thread_entry.c.obj)
                              (--whole-archive)
zephyr/libzephyr.a(cbprintf_complete.c.obj)
                              (--whole-archive)
zephyr/libzephyr.a(assert.c.obj)
                              (--whole-archive)
zephyr/libzephyr.a(reboot.c.obj)
                              (--whole-archive)
zephyr/libzephyr.a(dec.c.obj)
                              (--whole-archive)
zephyr/libzephyr.a(hex.c.obj)
                              (--whole-archive)
zephyr/libzephyr.a(rb.c.obj)  (--whole-archive)
zephyr/libzephyr.a(timeutil.c.obj)
                              (--whole-archive)
zephyr/libzephyr.a(bitarray.c.obj)
                              (--whole-archive)
zephyr/libzephyr.a(configs.c.obj)
                              (--whole-archive)
zephyr/libzephyr.a(soc.c.obj)
                              (--whole-archive)
zephyr/libzephyr.a(stm32cube_hal.c.obj)
                              (--whole-archive)
zephyr/libzephyr.a(soc_config.c.obj)
                              (--whole-archive)
zephyr/libzephyr.a(mem_attr.c.obj)
                              (--whole-archive)
zephyr/libzephyr.a(tracing_none.c.obj)
                              (--whole-archive)
zephyr/arch/common/libarch__common.a(sw_isr_common.c.obj)
                              (--whole-archive)
zephyr/arch/arch/arm/core/libarch__arm__core.a(fatal.c.obj)
                              (--whole-archive)
zephyr/arch/arch/arm/core/libarch__arm__core.a(nmi.c.obj)
                              (--whole-archive)
zephyr/arch/arch/arm/core/libarch__arm__core.a(nmi_on_reset.S.obj)
                              (--whole-archive)
zephyr/arch/arch/arm/core/libarch__arm__core.a(tls.c.obj)
                              (--whole-archive)
zephyr/arch/arch/arm/core/cortex_m/libarch__arm__core__cortex_m.a(exc_exit.S.obj)
                              (--whole-archive)
zephyr/arch/arch/arm/core/cortex_m/libarch__arm__core__cortex_m.a(fault.c.obj)
                              (--whole-archive)
zephyr/arch/arch/arm/core/cortex_m/libarch__arm__core__cortex_m.a(fault_s.S.obj)
                              (--whole-archive)
zephyr/arch/arch/arm/core/cortex_m/libarch__arm__core__cortex_m.a(fpu.c.obj)
                              (--whole-archive)
zephyr/arch/arch/arm/core/cortex_m/libarch__arm__core__cortex_m.a(reset.S.obj)
                              (--whole-archive)
zephyr/arch/arch/arm/core/cortex_m/libarch__arm__core__cortex_m.a(scb.c.obj)
                              (--whole-archive)
zephyr/arch/arch/arm/core/cortex_m/libarch__arm__core__cortex_m.a(thread_abort.c.obj)
                              (--whole-archive)
zephyr/arch/arch/arm/core/cortex_m/libarch__arm__core__cortex_m.a(vector_table.S.obj)
                              (--whole-archive)
zephyr/arch/arch/arm/core/cortex_m/libarch__arm__core__cortex_m.a(swap.c.obj)
                              (--whole-archive)
zephyr/arch/arch/arm/core/cortex_m/libarch__arm__core__cortex_m.a(swap_helper.S.obj)
                              (--whole-archive)
zephyr/arch/arch/arm/core/cortex_m/libarch__arm__core__cortex_m.a(irq_manage.c.obj)
                              (--whole-archive)
zephyr/arch/arch/arm/core/cortex_m/libarch__arm__core__cortex_m.a(prep_c.c.obj)
                              (--whole-archive)
zephyr/arch/arch/arm/core/cortex_m/libarch__arm__core__cortex_m.a(thread.c.obj)
                              (--whole-archive)
zephyr/arch/arch/arm/core/cortex_m/libarch__arm__core__cortex_m.a(cpu_idle.S.obj)
                              (--whole-archive)
zephyr/arch/arch/arm/core/cortex_m/libarch__arm__core__cortex_m.a(irq_init.c.obj)
                              (--whole-archive)
zephyr/arch/arch/arm/core/cortex_m/libarch__arm__core__cortex_m.a(isr_wrapper.S.obj)
                              (--whole-archive)
zephyr/arch/arch/arm/core/cortex_m/libarch__arm__core__cortex_m.a(__aeabi_read_tp.S.obj)
                              (--whole-archive)
zephyr/arch/arch/arm/core/mpu/libarch__arm__core__mpu.a(arm_core_mpu.c.obj)
                              (--whole-archive)
zephyr/arch/arch/arm/core/mpu/libarch__arm__core__mpu.a(arm_mpu.c.obj)
                              (--whole-archive)
zephyr/arch/arch/arm/core/mpu/libarch__arm__core__mpu.a(arm_mpu_regions.c.obj)
                              (--whole-archive)
zephyr/lib/libc/picolibc/liblib__libc__picolibc.a(libc-hooks.c.obj)
                              (--whole-archive)
zephyr/lib/libc/common/liblib__libc__common.a(abort.c.obj)
                              (--whole-archive)
[...]
Memory Configuration

Name             Origin             Length             Attributes
FLASH            0x0000000008000000 0x0000000000080000 xr
RAM              0x0000000020000000 0x0000000000010000 xw
CCM              0x0000000010000000 0x0000000000004000
IDT_LIST         0x00000000ffff7fff 0x0000000000008000 xw
*default*        0x0000000000000000 0xffffffffffffffff

Linker script and memory map

                0x0000000008003f6c                vfprintf = __l_vfprintf
                0x0000000000000000                vfscanf = __l_vfscanf
LOAD zephyr/CMakeFiles/zephyr_pre0.dir/misc/empty_file.c.obj
LOAD zephyr/CMakeFiles/offsets.dir/./arch/arm/core/offsets/offsets.c.obj
LOAD app/libapp.a
LOAD zephyr/libzephyr.a
LOAD zephyr/arch/common/libarch__common.a
LOAD zephyr/arch/arch/arm/core/libarch__arm__core.a
LOAD zephyr/arch/arch/arm/core/cortex_m/libarch__arm__core__cortex_m.a
LOAD zephyr/arch/arch/arm/core/mpu/libarch__arm__core__mpu.a
LOAD zephyr/lib/libc/picolibc/liblib__libc__picolibc.a
LOAD zephyr/lib/libc/common/liblib__libc__common.a
LOAD zephyr/drivers/interrupt_controller/libdrivers__interrupt_controller.a
LOAD zephyr/drivers/clock_control/libdrivers__clock_control.a
LOAD zephyr/drivers/console/libdrivers__console.a
LOAD zephyr/drivers/gpio/libdrivers__gpio.a
LOAD zephyr/drivers/pinctrl/libdrivers__pinctrl.a
LOAD zephyr/drivers/reset/libdrivers__reset.a
LOAD zephyr/drivers/serial/libdrivers__serial.a
LOAD zephyr/drivers/timer/libdrivers__timer.a
LOAD modules/stm32/stm32cube/lib..__modules__hal__stm32__stm32cube.a
LOAD zephyr/kernel/libkernel.a
LOAD c:/users/caiog/.zephyr_ide/toolchains/zephyr-sdk-0.16.8/arm-zephyr-eabi/bin/../lib/gcc/arm-zephyr-eabi/12.2.0/thumb/v7e-m/nofp\libgcc.a
LOAD zephyr/arch/common/libisr_tables.a
LOAD c:\users\caiog\.zephyr_ide\toolchains\zephyr-sdk-0.16.8\arm-zephyr-eabi\bin\../lib/gcc/../../picolibc/arm-zephyr-eabi/lib/thumb/v7e-m/nofp\libc.a
LOAD c:/users/caiog/.zephyr_ide/toolchains/zephyr-sdk-0.16.8/arm-zephyr-eabi/bin/../lib/gcc/arm-zephyr-eabi/12.2.0/thumb/v7e-m/nofp\libgcc.a
                0x0000000000000020                _region_min_align = 0x20

.rel.plt        0x0000000008000000        0x0
 *(SORT_BY_ALIGNMENT(.rel.plt))
                [!provide]                        PROVIDE (__rel_iplt_start = .)
 *(SORT_BY_ALIGNMENT(.rel.iplt))
 .rel.iplt      0x0000000008000000        0x0 app/libapp.a(main.c.obj)
                [!provide]                        PROVIDE (__rel_iplt_end = .)

.rela.plt       0x0000000000000000        0x0
 *(SORT_BY_ALIGNMENT(.rela.plt))
                [!provide]                        PROVIDE (__rela_iplt_start = .)
 *(SORT_BY_ALIGNMENT(.rela.iplt))
                [!provide]                        PROVIDE (__rela_iplt_end = .)

.rel.dyn
 *(SORT_BY_ALIGNMENT(.rel.*))

.rela.dyn
 *(SORT_BY_ALIGNMENT(.rela.*))

/DISCARD/
 *(SORT_BY_ALIGNMENT(.plt))

/DISCARD/
 *(SORT_BY_ALIGNMENT(.iplt))
                0x0000000008000000                __rom_region_start = 0x8000000

rom_start       0x0000000008000000      0x194
                0x0000000008000000                __rom_start_address = .
 FILL mask 0x00
                0x0000000008000000                . = (. + (0x0 - (. - __rom_start_address)))
                0x0000000008000000                . = ALIGN (0x4)
                0x0000000008000000                . = ALIGN (0x80)
                0x0000000008000000                . = ALIGN (0x200)
                0x0000000008000000                _vector_start = .
 *(SORT_BY_ALIGNMENT(.exc_vector_table))
 *(SORT_BY_ALIGNMENT(.exc_vector_table.*))
 .exc_vector_table._vector_table_section
                0x0000000008000000       0x40 zephyr/arch/arch/arm/core/cortex_m/libarch__arm__core__cortex_m.a(vector_table.S.obj)
                0x0000000008000000                _vector_table
 *(SORT_BY_ALIGNMENT(.vectors))
                0x0000000008000194                _vector_end = .
                0x0000000008000040                . = ALIGN (0x4)
 *(SORT_BY_ALIGNMENT(.gnu.linkonce.irq_vector_table*))
 .gnu.linkonce.irq_vector_table
                0x0000000008000040      0x154 zephyr/arch/common/libisr_tables.a(isr_tables.c.obj)
                0x0000000008000040                _irq_vector_table
                0x0000000008000194                _vector_end = .

text            0x0000000008000194     0x8360
                0x0000000008000194                __text_region_start = .
 *(SORT_BY_ALIGNMENT(.text))
 *(SORT_BY_ALIGNMENT(.text.*))
 .text.exibir_numero
                0x0000000008000194       0x58 app/libapp.a(main.c.obj)
                0x0000000008000194                exibir_numero
 .text.main     0x00000000080001ec       0x90 app/libapp.a(main.c.obj)
                0x00000000080001ec                main
 .text.__printk_hook_install
                0x000000000800027c       0x1c zephyr/libzephyr.a(printk.c.obj)
                0x000000000800027c                __printk_hook_install
 .text.char_out
                0x0000000008000298       0x20 zephyr/libzephyr.a(printk.c.obj)
 .text.vprintk  0x00000000080002b8       0x80 zephyr/libzephyr.a(printk.c.obj)
                0x00000000080002b8                vprintk
 .text.z_impl_k_str_out
                0x0000000008000338       0x3c zephyr/libzephyr.a(printk.c.obj)
                0x0000000008000338                z_impl_k_str_out
 .text.k_current_get
                0x0000000008000374       0x18 zephyr/libzephyr.a(thread_entry.c.obj)
 .text.z_thread_entry
                0x000000000800038c       0x38 zephyr/libzephyr.a(thread_entry.c.obj)
                0x000000000800038c                z_thread_entry
 .text.LL_DBGMCU_EnableDBGSleepMode
                0x00000000080003c4       0x1c zephyr/libzephyr.a(soc.c.obj)
 .text.stm32f3_init
                0x00000000080003e0       0x1c zephyr/libzephyr.a(soc.c.obj)
 .text.LL_DBGMCU_DisableDBGStopMode
                0x00000000080003fc       0x1c zephyr/libzephyr.a(soc_config.c.obj)
 .text.mem_attr_get_regions
                0x0000000008000418       0x20 zephyr/libzephyr.a(mem_attr.c.obj)
                0x0000000008000418                mem_attr_get_regions
 .text.z_arm_nmi
                0x0000000008000438       0x18 zephyr/arch/arch/arm/core/libarch__arm__core.a(nmi.c.obj)
                0x0000000008000438                z_arm_nmi
 .text.z_SysNmiOnReset
                0x0000000008000450        0x8 zephyr/arch/arch/arm/core/libarch__arm__core.a(nmi_on_reset.S.obj)
                0x0000000008000450                z_SysNmiOnReset
 .text.z_tls_data_size
                0x0000000008000458       0x54 zephyr/arch/arch/arm/core/libarch__arm__core.a(tls.c.obj)
 .text.z_tls_copy
                0x00000000080004ac       0x58 zephyr/arch/arch/arm/core/libarch__arm__core.a(tls.c.obj)
 .text._HandlerModeExit
                0x0000000008000504       0x1c zephyr/arch/arch/arm/core/cortex_m/libarch__arm__core__cortex_m.a(exc_exit.S.obj)
                0x0000000008000504                z_arm_int_exit
                0x0000000008000504                z_arm_exc_exit
 .text.mem_manage_fault
                0x0000000008000520      0x184 zephyr/arch/arch/arm/core/cortex_m/libarch__arm__core__cortex_m.a(fault.c.obj)
 .text.bus_fault
                0x00000000080006a4      0x114 zephyr/arch/arch/arm/core/cortex_m/libarch__arm__core__cortex_m.a(fault.c.obj)
 .text.usage_fault
                0x00000000080007b8       0xb8 zephyr/arch/arch/arm/core/cortex_m/libarch__arm__core__cortex_m.a(fault.c.obj)
 .text.z_arm_is_synchronous_svc
                0x0000000008000870       0x80 zephyr/arch/arch/arm/core/cortex_m/libarch__arm__core__cortex_m.a(fault.c.obj)
 .text.hard_fault
                0x00000000080008f0      0x108 zephyr/arch/arch/arm/core/cortex_m/libarch__arm__core__cortex_m.a(fault.c.obj)
 .text.fault_handle
                0x00000000080009f8       0xb4 zephyr/arch/arch/arm/core/cortex_m/libarch__arm__core__cortex_m.a(fault.c.obj)
 .text.z_arm_fault
                0x0000000008000aac       0xa8 zephyr/arch/arch/arm/core/cortex_m/libarch__arm__core__cortex_m.a(fault.c.obj)
                0x0000000008000aac                z_arm_fault
 .text.z_arm_fault_init
                0x0000000008000b54       0x1c zephyr/arch/arch/arm/core/cortex_m/libarch__arm__core__cortex_m.a(fault.c.obj)
                0x0000000008000b54                z_arm_fault_init
 .text.__fault  0x0000000008000b70       0x14 zephyr/arch/arch/arm/core/cortex_m/libarch__arm__core__cortex_m.a(fault_s.S.obj)
                0x0000000008000b70                z_arm_usage_fault
                0x0000000008000b70                z_arm_mpu_fault
                0x0000000008000b70                z_arm_exc_spurious
                0x0000000008000b70                z_arm_debug_monitor
                0x0000000008000b70                z_arm_hard_fault
                0x0000000008000b70                z_arm_bus_fault
 .text._reset_section
                0x0000000008000b84       0x2c zephyr/arch/arch/arm/core/cortex_m/libarch__arm__core__cortex_m.a(reset.S.obj)
                0x0000000008000b84                __start
                0x0000000008000b84                z_arm_reset
 .text.z_impl_k_thread_abort
                0x0000000008000bb0       0x58 zephyr/arch/arch/arm/core/cortex_m/libarch__arm__core__cortex_m.a(thread_abort.c.obj)
                0x0000000008000bb0                z_impl_k_thread_abort
 .text.arch_swap
                0x0000000008000c08       0x50 zephyr/arch/arch/arm/core/cortex_m/libarch__arm__core__cortex_m.a(swap.c.obj)
                0x0000000008000c08                arch_swap
 .text.z_arm_pendsv
                0x0000000008000c58       0x64 zephyr/arch/arch/arm/core/cortex_m/libarch__arm__core__cortex_m.a(swap_helper.S.obj)
                0x0000000008000c58                z_arm_pendsv
 .text.z_arm_svc
                0x0000000008000cbc       0x20 zephyr/arch/arch/arm/core/cortex_m/libarch__arm__core__cortex_m.a(swap_helper.S.obj)
                0x0000000008000cbc                z_arm_svc
 .text.__NVIC_EnableIRQ
                0x0000000008000cdc       0x38 zephyr/arch/arch/arm/core/cortex_m/libarch__arm__core__cortex_m.a(irq_manage.c.obj)
 .text.__NVIC_SetPriority
                0x0000000008000d14       0x54 zephyr/arch/arch/arm/core/cortex_m/libarch__arm__core__cortex_m.a(irq_manage.c.obj)
 .text.relocate_vector_table
                0x0000000008000d68       0x34 zephyr/arch/arch/arm/core/cortex_m/libarch__arm__core__cortex_m.a(prep_c.c.obj)
 .text.z_arm_floating_point_init
                0x0000000008000d9c       0x40 zephyr/arch/arch/arm/core/cortex_m/libarch__arm__core__cortex_m.a(prep_c.c.obj)
 .text.arch_new_thread
                0x0000000008000ddc       0x60 zephyr/arch/arch/arm/core/cortex_m/libarch__arm__core__cortex_m.a(thread.c.obj)
                0x0000000008000ddc                arch_new_thread
 .text.z_check_thread_stack_fail
                0x0000000008000e3c       0x80 zephyr/arch/arch/arm/core/cortex_m/libarch__arm__core__cortex_m.a(thread.c.obj)
                0x0000000008000e3c                z_check_thread_stack_fail
 .text.arch_switch_to_main_thread
                0x0000000008000ebc       0x4c zephyr/arch/arch/arm/core/cortex_m/libarch__arm__core__cortex_m.a(thread.c.obj)
                0x0000000008000ebc                arch_switch_to_main_thread
 .text.z_arm_cpu_idle_init
                0x0000000008000f08        0xc zephyr/arch/arch/arm/core/cortex_m/libarch__arm__core__cortex_m.a(cpu_idle.S.obj)
                0x0000000008000f08                z_arm_cpu_idle_init
 .text.arch_cpu_idle
                0x0000000008000f14       0x1c zephyr/arch/arch/arm/core/cortex_m/libarch__arm__core__cortex_m.a(cpu_idle.S.obj)
                0x0000000008000f14                arch_cpu_idle
 .text.__NVIC_SetPriority
                0x0000000008000f30       0x54 zephyr/arch/arch/arm/core/cortex_m/libarch__arm__core__cortex_m.a(irq_init.c.obj)
 .text._isr_wrapper
                0x0000000008000f84       0x28 zephyr/arch/arch/arm/core/cortex_m/libarch__arm__core__cortex_m.a(isr_wrapper.S.obj)
                0x0000000008000f84                _isr_wrapper
 .text.z_arm_configure_static_mpu_regions
                0x0000000008000fac       0x20 zephyr/arch/arch/arm/core/mpu/libarch__arm__core__mpu.a(arm_core_mpu.c.obj)
                0x0000000008000fac                z_arm_configure_static_mpu_regions
 .text.z_arm_configure_dynamic_mpu_regions
                0x0000000008000fcc       0x74 zephyr/arch/arch/arm/core/mpu/libarch__arm__core__mpu.a(arm_core_mpu.c.obj)
                0x0000000008000fcc                z_arm_configure_dynamic_mpu_regions
 .text.ARM_MPU_ClrRegion
                0x0000000008001040       0x24 zephyr/arch/arch/arm/core/mpu/libarch__arm__core__mpu.a(arm_mpu.c.obj)
 .text.get_num_regions
                0x0000000008001064       0x28 zephyr/arch/arch/arm/core/mpu/libarch__arm__core__mpu.a(arm_mpu.c.obj)
 .text.set_region_number
                0x000000000800108c       0x1c zephyr/arch/arch/arm/core/mpu/libarch__arm__core__mpu.a(arm_mpu.c.obj)
 .text.region_init
                0x00000000080010a8       0x70 zephyr/arch/arch/arm/core/mpu/libarch__arm__core__mpu.a(arm_mpu.c.obj)
 .text.mpu_configure_static_mpu_regions
                0x0000000008001118       0x3c zephyr/arch/arch/arm/core/mpu/libarch__arm__core__mpu.a(arm_mpu.c.obj)
 .text.mpu_configure_dynamic_mpu_regions
                0x0000000008001154       0x5c zephyr/arch/arch/arm/core/mpu/libarch__arm__core__mpu.a(arm_mpu.c.obj)
 .text.arm_core_mpu_enable
                0x00000000080011b0       0x2c zephyr/arch/arch/arm/core/mpu/libarch__arm__core__mpu.a(arm_mpu.c.obj)
                0x00000000080011b0                arm_core_mpu_enable
 .text.arm_core_mpu_disable
                0x00000000080011dc       0x20 zephyr/arch/arch/arm/core/mpu/libarch__arm__core__mpu.a(arm_mpu.c.obj)
                0x00000000080011dc                arm_core_mpu_disable
 .text.z_arm_mpu_init
                0x00000000080011fc       0xc4 zephyr/arch/arch/arm/core/mpu/libarch__arm__core__mpu.a(arm_mpu.c.obj)
                0x00000000080011fc                z_arm_mpu_init
 .text.z_impl_zephyr_fputc
                0x00000000080012c0       0x20 zephyr/lib/libc/picolibc/liblib__libc__picolibc.a(libc-hooks.c.obj)
                0x00000000080012c0                z_impl_zephyr_fputc
 .text.__stdout_hook_install
                0x00000000080012e0       0x30 zephyr/lib/libc/picolibc/liblib__libc__picolibc.a(libc-hooks.c.obj)
                0x00000000080012e0                __stdout_hook_install
 .text.malloc_prepare
                0x0000000008001310       0x44 zephyr/lib/libc/common/liblib__libc__common.a(malloc.c.obj)
 .text.LL_EXTI_EnableIT_0_31
                0x0000000008001354       0x24 zephyr/drivers/interrupt_controller/libdrivers__interrupt_controller.a(intc_exti_stm32.c.obj)
 .text.LL_EXTI_DisableIT_0_31
                0x0000000008001378       0x24 zephyr/drivers/interrupt_controller/libdrivers__interrupt_controller.a(intc_exti_stm32.c.obj)
 .text.LL_EXTI_EnableRisingTrig_0_31
                0x000000000800139c       0x24 zephyr/drivers/interrupt_controller/libdrivers__interrupt_controller.a(intc_exti_stm32.c.obj)
 .text.LL_EXTI_DisableRisingTrig_0_31
                0x00000000080013c0       0x24 zephyr/drivers/interrupt_controller/libdrivers__interrupt_controller.a(intc_exti_stm32.c.obj)
 .text.LL_EXTI_EnableFallingTrig_0_31
                0x00000000080013e4       0x24 zephyr/drivers/interrupt_controller/libdrivers__interrupt_controller.a(intc_exti_stm32.c.obj)
 .text.LL_EXTI_DisableFallingTrig_0_31
                0x0000000008001408       0x24 zephyr/drivers/interrupt_controller/libdrivers__interrupt_controller.a(intc_exti_stm32.c.obj)
 .text.LL_EXTI_IsActiveFlag_0_31
                0x000000000800142c       0x2c zephyr/drivers/interrupt_controller/libdrivers__interrupt_controller.a(intc_exti_stm32.c.obj)
 .text.LL_EXTI_ClearFlag_0_31
                0x0000000008001458       0x1c zephyr/drivers/interrupt_controller/libdrivers__interrupt_controller.a(intc_exti_stm32.c.obj)
 .text.stm32_exti_enable
                0x0000000008001474       0x3c zephyr/drivers/interrupt_controller/libdrivers__interrupt_controller.a(intc_exti_stm32.c.obj)
                0x0000000008001474                stm32_exti_enable
 .text.stm32_exti_trigger
                0x00000000080014b0       0xb8 zephyr/drivers/interrupt_controller/libdrivers__interrupt_controller.a(intc_exti_stm32.c.obj)
                0x00000000080014b0                stm32_exti_trigger
 .text.stm32_exti_isr
                0x0000000008001568       0x80 zephyr/drivers/interrupt_controller/libdrivers__interrupt_controller.a(intc_exti_stm32.c.obj)
 .text.stm32_fill_irq_table
                0x00000000080015e8       0x48 zephyr/drivers/interrupt_controller/libdrivers__interrupt_controller.a(intc_exti_stm32.c.obj)
 .text.stm32_exti_init
                0x0000000008001630      0x100 zephyr/drivers/interrupt_controller/libdrivers__interrupt_controller.a(intc_exti_stm32.c.obj)
 .text.stm32_exti_set_callback
                0x0000000008001730       0x70 zephyr/drivers/interrupt_controller/libdrivers__interrupt_controller.a(intc_exti_stm32.c.obj)
                0x0000000008001730                stm32_exti_set_callback
 .text.stm32_exti_unset_callback
                0x00000000080017a0       0x38 zephyr/drivers/interrupt_controller/libdrivers__interrupt_controller.a(intc_exti_stm32.c.obj)
                0x00000000080017a0                stm32_exti_unset_callback
 .text.LL_RCC_HSE_EnableBypass
                0x00000000080017d8       0x1c zephyr/drivers/clock_control/libdrivers__clock_control.a(clock_stm32_ll_common.c.obj)
 .text.LL_RCC_HSE_Enable
                0x00000000080017f4       0x1c zephyr/drivers/clock_control/libdrivers__clock_control.a(clock_stm32_ll_common.c.obj)
 .text.LL_RCC_HSE_IsReady
                0x0000000008001810       0x24 zephyr/drivers/clock_control/libdrivers__clock_control.a(clock_stm32_ll_common.c.obj)
 .text.LL_RCC_HSI_Enable
                0x0000000008001834       0x1c zephyr/drivers/clock_control/libdrivers__clock_control.a(clock_stm32_ll_common.c.obj)
 .text.LL_RCC_HSI_IsReady
                0x0000000008001850       0x24 zephyr/drivers/clock_control/libdrivers__clock_control.a(clock_stm32_ll_common.c.obj)
 .text.LL_RCC_LSI_Enable
                0x0000000008001874       0x1c zephyr/drivers/clock_control/libdrivers__clock_control.a(clock_stm32_ll_common.c.obj)
 .text.LL_RCC_LSI_IsReady
                0x0000000008001890       0x24 zephyr/drivers/clock_control/libdrivers__clock_control.a(clock_stm32_ll_common.c.obj)
 .text.LL_RCC_SetSysClkSource
                0x00000000080018b4       0x28 zephyr/drivers/clock_control/libdrivers__clock_control.a(clock_stm32_ll_common.c.obj)
 .text.LL_RCC_GetSysClkSource
                0x00000000080018dc       0x18 zephyr/drivers/clock_control/libdrivers__clock_control.a(clock_stm32_ll_common.c.obj)
 .text.LL_RCC_SetAHBPrescaler
                0x00000000080018f4       0x28 zephyr/drivers/clock_control/libdrivers__clock_control.a(clock_stm32_ll_common.c.obj)
 .text.LL_RCC_SetAPB1Prescaler
                0x000000000800191c       0x28 zephyr/drivers/clock_control/libdrivers__clock_control.a(clock_stm32_ll_common.c.obj)
 .text.LL_RCC_SetAPB2Prescaler
                0x0000000008001944       0x28 zephyr/drivers/clock_control/libdrivers__clock_control.a(clock_stm32_ll_common.c.obj)
 .text.LL_RCC_GetAHBPrescaler
                0x000000000800196c       0x18 zephyr/drivers/clock_control/libdrivers__clock_control.a(clock_stm32_ll_common.c.obj)
 .text.LL_RCC_PLL_Enable
                0x0000000008001984       0x1c zephyr/drivers/clock_control/libdrivers__clock_control.a(clock_stm32_ll_common.c.obj)
 .text.LL_RCC_PLL_Disable
                0x00000000080019a0       0x1c zephyr/drivers/clock_control/libdrivers__clock_control.a(clock_stm32_ll_common.c.obj)
 .text.LL_RCC_PLL_IsReady
                0x00000000080019bc       0x24 zephyr/drivers/clock_control/libdrivers__clock_control.a(clock_stm32_ll_common.c.obj)
 .text.enabled_clock
                0x00000000080019e0       0x58 zephyr/drivers/clock_control/libdrivers__clock_control.a(clock_stm32_ll_common.c.obj)
 .text.stm32_clock_control_get_subsys_rate
                0x0000000008001a38      0x124 zephyr/drivers/clock_control/libdrivers__clock_control.a(clock_stm32_ll_common.c.obj)
 .text.stm32_clock_control_init
                0x0000000008001b5c       0xa0 zephyr/drivers/clock_control/libdrivers__clock_control.a(clock_stm32_ll_common.c.obj)
                0x0000000008001b5c                stm32_clock_control_init
 .text.LL_APB1_GRP1_EnableClock
                0x0000000008001bfc       0x30 zephyr/drivers/clock_control/libdrivers__clock_control.a(clock_stm32f0_f3.c.obj)
 .text.LL_RCC_PLL_ConfigDomain_SYS
                0x0000000008001c2c       0x40 zephyr/drivers/clock_control/libdrivers__clock_control.a(clock_stm32f0_f3.c.obj)
 .text.get_pllout_frequency
                0x0000000008001c6c       0x64 zephyr/drivers/clock_control/libdrivers__clock_control.a(clock_stm32f0_f3.c.obj)
                0x0000000008001c6c                get_pllout_frequency
 .text.console_out
                0x0000000008001cd0       0x58 zephyr/drivers/console/libdrivers__console.a(uart_console.c.obj)
 .text.uart_console_hook_install
                0x0000000008001d28       0x18 zephyr/drivers/console/libdrivers__console.a(uart_console.c.obj)
 .text.uart_console_init
                0x0000000008001d40       0x2c zephyr/drivers/console/libdrivers__console.a(uart_console.c.obj)
 .text.LL_SYSCFG_SetEXTISource
                0x0000000008001d6c       0x6c zephyr/drivers/gpio/libdrivers__gpio.a(gpio_stm32.c.obj)
 .text.LL_SYSCFG_GetEXTISource
                0x0000000008001dd8       0x50 zephyr/drivers/gpio/libdrivers__gpio.a(gpio_stm32.c.obj)
 .text.gpio_stm32_clock_request
                0x0000000008001e28       0x58 zephyr/drivers/gpio/libdrivers__gpio.a(gpio_stm32.c.obj)
 .text.gpio_stm32_enable_int
                0x0000000008001e80       0x50 zephyr/drivers/gpio/libdrivers__gpio.a(gpio_stm32.c.obj)
 .text.gpio_stm32_pin_interrupt_configure
                0x0000000008001ed0       0xec zephyr/drivers/gpio/libdrivers__gpio.a(gpio_stm32.c.obj)
 .text.gpio_stm32_init
                0x0000000008001fbc       0x54 zephyr/drivers/gpio/libdrivers__gpio.a(gpio_stm32.c.obj)
 .text.stm32_pin_configure
                0x0000000008002010       0x64 zephyr/drivers/pinctrl/libdrivers__pinctrl.a(pinctrl_stm32.c.obj)
 .text.uart_stm32_configure
                0x0000000008002074      0x140 zephyr/drivers/serial/libdrivers__serial.a(uart_stm32.c.obj)
 .text.uart_stm32_poll_in
                0x00000000080021b4       0x24 zephyr/drivers/serial/libdrivers__serial.a(uart_stm32.c.obj)
 .text.uart_stm32_poll_out
                0x00000000080021d8       0x24 zephyr/drivers/serial/libdrivers__serial.a(uart_stm32.c.obj)
 .text.__uart_stm32_get_clock
                0x00000000080021fc       0x28 zephyr/drivers/serial/libdrivers__serial.a(uart_stm32.c.obj)
 .text.uart_stm32_registers_configure
                0x0000000008002224      0x1cc zephyr/drivers/serial/libdrivers__serial.a(uart_stm32.c.obj)
 .text.__NVIC_SetPriority
                0x00000000080023f0       0x54 zephyr/drivers/timer/libdrivers__timer.a(cortex_m_systick.c.obj)
 .text.elapsed  0x0000000008002444       0x78 zephyr/drivers/timer/libdrivers__timer.a(cortex_m_systick.c.obj)
 .text.sys_clock_isr
                0x00000000080024bc       0xa4 zephyr/drivers/timer/libdrivers__timer.a(cortex_m_systick.c.obj)
                0x00000000080024bc                sys_clock_isr
 .text.sys_clock_set_timeout
                0x0000000008002560      0x1f8 zephyr/drivers/timer/libdrivers__timer.a(cortex_m_systick.c.obj)
                0x0000000008002560                sys_clock_set_timeout
 .text.sys_clock_elapsed
                0x0000000008002758       0x90 zephyr/drivers/timer/libdrivers__timer.a(cortex_m_systick.c.obj)
                0x0000000008002758                sys_clock_elapsed
 .text.sys_clock_driver_init
                0x00000000080027e8       0x4c zephyr/drivers/timer/libdrivers__timer.a(cortex_m_systick.c.obj)
 .text.HAL_RCC_GetSysClockFreq
                0x0000000008002834       0xf0 modules/stm32/stm32cube/lib..__modules__hal__stm32__stm32cube.a(stm32f3xx_hal_rcc.c.obj)
                0x0000000008002834                HAL_RCC_GetSysClockFreq
 .text.LL_FLASH_SetLatency
                0x0000000008002924       0x28 modules/stm32/stm32cube/lib..__modules__hal__stm32__stm32cube.a(stm32f3xx_ll_utils.c.obj)
 .text.LL_FLASH_GetLatency
                0x000000000800294c       0x18 modules/stm32/stm32cube/lib..__modules__hal__stm32__stm32cube.a(stm32f3xx_ll_utils.c.obj)
 .text.LL_SetFlashLatency
                0x0000000008002964       0x80 modules/stm32/stm32cube/lib..__modules__hal__stm32__stm32cube.a(stm32f3xx_ll_utils.c.obj)
                0x0000000008002964                LL_SetFlashLatency
 .text.z_device_state_init
                0x00000000080029e4       0x3c zephyr/kernel/libkernel.a(device.c.obj)
                0x00000000080029e4                z_device_state_init
 .text.z_fatal_error
                0x0000000008002a20      0x104 zephyr/kernel/libkernel.a(fatal.c.obj)
                0x0000000008002a20                z_fatal_error
 .text.__NVIC_SetPriority
                0x0000000008002b24       0x54 zephyr/kernel/libkernel.a(init.c.obj)
 .text.z_dummy_thread_init
                0x0000000008002b78       0x3c zephyr/kernel/libkernel.a(init.c.obj)
 .text.z_bss_zero
                0x0000000008002bb4       0x20 zephyr/kernel/libkernel.a(init.c.obj)
                0x0000000008002bb4                z_bss_zero
 .text.z_sys_init_run_level
                0x0000000008002bd4       0xa4 zephyr/kernel/libkernel.a(init.c.obj)
 .text.bg_thread_main
                0x0000000008002c78       0x48 zephyr/kernel/libkernel.a(init.c.obj)
 .text.init_idle_thread
                0x0000000008002cc0       0x78 zephyr/kernel/libkernel.a(init.c.obj)
 .text.z_init_cpu
                0x0000000008002d38       0x8c zephyr/kernel/libkernel.a(init.c.obj)
                0x0000000008002d38                z_init_cpu
 .text.prepare_multithreading
                0x0000000008002dc4       0x68 zephyr/kernel/libkernel.a(init.c.obj)
 .text.switch_to_main_thread
                0x0000000008002e2c       0x1c zephyr/kernel/libkernel.a(init.c.obj)
 .text.z_cstart
                0x0000000008002e48       0xdc zephyr/kernel/libkernel.a(init.c.obj)
                0x0000000008002e48                z_cstart
 .text.z_add_thread_timeout
                0x0000000008002f24       0x28 zephyr/kernel/libkernel.a(thread.c.obj)
 .text.z_setup_new_thread
                0x0000000008002f4c       0x78 zephyr/kernel/libkernel.a(thread.c.obj)
                0x0000000008002f4c                z_setup_new_thread
 .text.z_init_static_threads
                0x0000000008002fc4       0xd4 zephyr/kernel/libkernel.a(thread.c.obj)
                0x0000000008002fc4                z_init_static_threads
 .text.z_is_idle_thread_object
                0x0000000008003098       0x24 zephyr/kernel/libkernel.a(sched.c.obj)
 .text.z_sched_lock
                0x00000000080030bc       0x1c zephyr/kernel/libkernel.a(sched.c.obj)
 .text.move_thread_to_end_of_prio_q
                0x00000000080030d8      0x114 zephyr/kernel/libkernel.a(sched.c.obj)
 .text.slice_time
                0x00000000080031ec       0x20 zephyr/kernel/libkernel.a(sched.c.obj)
 .text.sliceable
                0x000000000800320c       0x84 zephyr/kernel/libkernel.a(sched.c.obj)
 .text.slice_timeout
                0x0000000008003290       0x38 zephyr/kernel/libkernel.a(sched.c.obj)
 .text.z_reset_time_slice
                0x00000000080032c8       0x80 zephyr/kernel/libkernel.a(sched.c.obj)
                0x00000000080032c8                z_reset_time_slice
 .text.z_time_slice
                0x0000000008003348       0xd0 zephyr/kernel/libkernel.a(sched.c.obj)
                0x0000000008003348                z_time_slice
 .text.update_cache
                0x0000000008003418       0xb8 zephyr/kernel/libkernel.a(sched.c.obj)
 .text.ready_thread
                0x00000000080034d0       0xe4 zephyr/kernel/libkernel.a(sched.c.obj)
 .text.z_ready_thread
                0x00000000080035b4       0x84 zephyr/kernel/libkernel.a(sched.c.obj)
                0x00000000080035b4                z_ready_thread
 .text.z_sched_start
                0x0000000008003638       0x78 zephyr/kernel/libkernel.a(sched.c.obj)
                0x0000000008003638                z_sched_start
 .text.z_thread_halt
                0x00000000080036b0       0x8c zephyr/kernel/libkernel.a(sched.c.obj)
 .text.z_sched_wake_thread
                0x000000000800373c       0xb8 zephyr/kernel/libkernel.a(sched.c.obj)
                0x000000000800373c                z_sched_wake_thread
 .text.need_swap
                0x00000000080037f4       0x2c zephyr/kernel/libkernel.a(sched.c.obj)
 .text.k_sched_lock
                0x0000000008003820       0x70 zephyr/kernel/libkernel.a(sched.c.obj)
                0x0000000008003820                k_sched_lock
 .text.k_sched_unlock
                0x0000000008003890       0xb0 zephyr/kernel/libkernel.a(sched.c.obj)
                0x0000000008003890                k_sched_unlock
 .text.z_sched_init
                0x0000000008003940       0x14 zephyr/kernel/libkernel.a(sched.c.obj)
                0x0000000008003940                z_sched_init
 .text.z_impl_k_sched_current_thread_query
                0x0000000008003954       0x1c zephyr/kernel/libkernel.a(sched.c.obj)
                0x0000000008003954                z_impl_k_sched_current_thread_query
 .text.halt_thread
                0x0000000008003970       0xa8 zephyr/kernel/libkernel.a(sched.c.obj)
 .text.z_thread_abort
                0x0000000008003a18       0xa4 zephyr/kernel/libkernel.a(sched.c.obj)
                0x0000000008003a18                z_thread_abort
 .text.z_data_copy
                0x0000000008003abc       0x3c zephyr/kernel/libkernel.a(xip.c.obj)
                0x0000000008003abc                z_data_copy
 .text.first    0x0000000008003af8       0x1c zephyr/kernel/libkernel.a(timeout.c.obj)
 .text.next     0x0000000008003b14       0x24 zephyr/kernel/libkernel.a(timeout.c.obj)
 .text.elapsed  0x0000000008003b38       0x20 zephyr/kernel/libkernel.a(timeout.c.obj)
 .text.z_add_timeout
                0x0000000008003b58      0x1d4 zephyr/kernel/libkernel.a(timeout.c.obj)
                0x0000000008003b58                z_add_timeout
 .text.z_abort_timeout
                0x0000000008003d2c       0x8c zephyr/kernel/libkernel.a(timeout.c.obj)
                0x0000000008003d2c                z_abort_timeout
 .text.sys_clock_announce
                0x0000000008003db8      0x1a0 zephyr/kernel/libkernel.a(timeout.c.obj)
                0x0000000008003db8                sys_clock_announce
 .text.boot_banner
                0x0000000008003f58       0x14 zephyr/kernel/libkernel.a(banner.c.obj)
                0x0000000008003f58                boot_banner
 .text.__l_vfprintf
                0x0000000008003f6c      0x4b8 c:\users\caiog\.zephyr_ide\toolchains\zephyr-sdk-0.16.8\arm-zephyr-eabi\bin\../lib/gcc/../../picolibc/arm-zephyr-eabi/lib/thumb/v7e-m/nofp\libc.a(libc_tinystdio_vflprintf.c.o)
                0x0000000008003f6c                __l_vfprintf
 .text._OffsetAbsSyms
                0x0000000008004424        0xc zephyr/CMakeFiles/offsets.dir/./arch/arm/core/offsets/offsets.c.obj
                0x0000000008004424                _OffsetAbsSyms
 .text.z_impl_gpio_pin_configure
                0x0000000008004430       0x96 app/libapp.a(main.c.obj)
 .text.z_impl_gpio_port_get_raw
                0x00000000080044c6       0x24 app/libapp.a(main.c.obj)
 .text.gpio_port_get
                0x00000000080044ea       0x38 app/libapp.a(main.c.obj)
 .text.z_impl_gpio_port_set_bits_raw
                0x0000000008004522       0x24 app/libapp.a(main.c.obj)
 .text.z_impl_gpio_port_clear_bits_raw
                0x0000000008004546       0x24 app/libapp.a(main.c.obj)
 .text.gpio_pin_get
                0x000000000800456a       0x46 app/libapp.a(main.c.obj)
 .text.gpio_pin_set_raw
                0x00000000080045b0       0x4a app/libapp.a(main.c.obj)
 .text.gpio_pin_set
                0x00000000080045fa       0x50 app/libapp.a(main.c.obj)
 .text.gpio_pin_configure
                0x000000000800464a       0x24 app/libapp.a(main.c.obj)
 .text.gpio_port_get_raw
                0x000000000800466e       0x1c app/libapp.a(main.c.obj)
 .text.gpio_port_set_bits_raw
                0x000000000800468a       0x1c app/libapp.a(main.c.obj)
 .text.gpio_port_clear_bits_raw
                0x00000000080046a6       0x1c app/libapp.a(main.c.obj)
 .text.big_heap_chunks
                0x00000000080046c2       0x14 zephyr/libzephyr.a(heap.c.obj)
 .text.big_heap_bytes
                0x00000000080046d6       0x1c zephyr/libzephyr.a(heap.c.obj)
 .text.big_heap
                0x00000000080046f2       0x1c zephyr/libzephyr.a(heap.c.obj)
 .text.chunk_buf
                0x000000000800470e       0x14 zephyr/libzephyr.a(heap.c.obj)
 .text.chunk_field
                0x0000000008004722       0x4a zephyr/libzephyr.a(heap.c.obj)
 .text.chunk_set
                0x000000000800476c       0x52 zephyr/libzephyr.a(heap.c.obj)
 .text.chunk_size
                0x00000000080047be       0x20 zephyr/libzephyr.a(heap.c.obj)
 .text.set_chunk_used
                0x00000000080047de       0x8a zephyr/libzephyr.a(heap.c.obj)
 .text.set_chunk_size
                0x0000000008004868       0x22 zephyr/libzephyr.a(heap.c.obj)
 .text.prev_free_chunk
                0x000000000800488a       0x1e zephyr/libzephyr.a(heap.c.obj)
 .text.set_prev_free_chunk
                0x00000000080048a8       0x20 zephyr/libzephyr.a(heap.c.obj)
 .text.set_next_free_chunk
                0x00000000080048c8       0x20 zephyr/libzephyr.a(heap.c.obj)
 .text.set_left_chunk_size
                0x00000000080048e8       0x20 zephyr/libzephyr.a(heap.c.obj)
 .text.solo_free_header
                0x0000000008004908       0x38 zephyr/libzephyr.a(heap.c.obj)
 .text.chunk_header_bytes
                0x0000000008004940       0x22 zephyr/libzephyr.a(heap.c.obj)
 .text.heap_footer_bytes
                0x0000000008004962       0x22 zephyr/libzephyr.a(heap.c.obj)
 .text.chunksz  0x0000000008004984       0x18 zephyr/libzephyr.a(heap.c.obj)
 .text.bytes_to_chunksz
                0x000000000800499c       0x26 zephyr/libzephyr.a(heap.c.obj)
 .text.min_chunk_size
                0x00000000080049c2       0x1a zephyr/libzephyr.a(heap.c.obj)
 .text.bucket_idx
                0x00000000080049dc       0x2c zephyr/libzephyr.a(heap.c.obj)
 .text.free_list_add_bidx
                0x0000000008004a08       0x8e zephyr/libzephyr.a(heap.c.obj)
 .text.free_list_add
                0x0000000008004a96       0x44 zephyr/libzephyr.a(heap.c.obj)
 .text.sys_heap_init
                0x0000000008004ada       0xf8 zephyr/libzephyr.a(heap.c.obj)
                0x0000000008004ada                sys_heap_init
 .text.k_is_user_context
                0x0000000008004bd2        0xe zephyr/libzephyr.a(printk.c.obj)
 .text.k_str_out
                0x0000000008004be0       0x1a zephyr/libzephyr.a(printk.c.obj)
 .text.arch_printk_char_out
                0x0000000008004bfa       0x14 zephyr/libzephyr.a(printk.c.obj)
                0x0000000008004bfa                arch_printk_char_out
 .text.buf_flush
                0x0000000008004c0e       0x28 zephyr/libzephyr.a(printk.c.obj)
 .text.buf_char_out
                0x0000000008004c36       0x3c zephyr/libzephyr.a(printk.c.obj)
 .text.printk   0x0000000008004c72       0x24 zephyr/libzephyr.a(printk.c.obj)
                0x0000000008004c72                printk
 .text.k_sched_current_thread_query
                0x0000000008004c96        0xe zephyr/libzephyr.a(thread_entry.c.obj)
 .text.k_thread_abort
                0x0000000008004ca4       0x16 zephyr/libzephyr.a(thread_entry.c.obj)
 .text._ConfigAbsSyms
                0x0000000008004cba        0xc zephyr/libzephyr.a(configs.c.obj)
                0x0000000008004cba                _ConfigAbsSyms
 .text.st_stm32_common_config
                0x0000000008004cc6        0xe zephyr/libzephyr.a(soc_config.c.obj)
 .text.esf_dump
                0x0000000008004cd4       0x26 zephyr/arch/arch/arm/core/libarch__arm__core.a(fatal.c.obj)
 .text.z_arm_fatal_error
                0x0000000008004cfa       0x26 zephyr/arch/arch/arm/core/libarch__arm__core.a(fatal.c.obj)
                0x0000000008004cfa                z_arm_fatal_error
 .text.z_do_kernel_oops
                0x0000000008004d20       0x20 zephyr/arch/arch/arm/core/libarch__arm__core.a(fatal.c.obj)
                0x0000000008004d20                z_do_kernel_oops
 .text.arch_tls_stack_setup
                0x0000000008004d40       0x3a zephyr/arch/arch/arm/core/libarch__arm__core.a(tls.c.obj)
                0x0000000008004d40                arch_tls_stack_setup
 .text.fault_show
                0x0000000008004d7a       0x14 zephyr/arch/arch/arm/core/cortex_m/libarch__arm__core__cortex_m.a(fault.c.obj)
 .text.memory_fault_recoverable
                0x0000000008004d8e       0x18 zephyr/arch/arch/arm/core/cortex_m/libarch__arm__core__cortex_m.a(fault.c.obj)
 .text.debug_monitor
                0x0000000008004da6       0x36 zephyr/arch/arch/arm/core/cortex_m/libarch__arm__core__cortex_m.a(fault.c.obj)
 .text.reserved_exception
                0x0000000008004ddc       0x28 zephyr/arch/arch/arm/core/cortex_m/libarch__arm__core__cortex_m.a(fault.c.obj)
 .text.get_esf  0x0000000008004e04       0xe6 zephyr/arch/arch/arm/core/cortex_m/libarch__arm__core__cortex_m.a(fault.c.obj)
 .text.arch_irq_enable
                0x0000000008004eea       0x1a zephyr/arch/arch/arm/core/cortex_m/libarch__arm__core__cortex_m.a(irq_manage.c.obj)
                0x0000000008004eea                arch_irq_enable
 .text.z_arm_irq_priority_set
                0x0000000008004f04       0x26 zephyr/arch/arch/arm/core/cortex_m/libarch__arm__core__cortex_m.a(irq_manage.c.obj)
                0x0000000008004f04                z_arm_irq_priority_set
 .text.z_irq_spurious
                0x0000000008004f2a       0x18 zephyr/arch/arch/arm/core/cortex_m/libarch__arm__core__cortex_m.a(irq_manage.c.obj)
                0x0000000008004f2a                z_irq_spurious
 .text.z_prep_c
                0x0000000008004f42       0x1c zephyr/arch/arch/arm/core/cortex_m/libarch__arm__core__cortex_m.a(prep_c.c.obj)
                0x0000000008004f42                z_prep_c
 .text.z_arm_prepare_switch_to_main
                0x0000000008004f5e        0xc zephyr/arch/arch/arm/core/cortex_m/libarch__arm__core__cortex_m.a(thread.c.obj)
 .text.z_arm_interrupt_init
                0x0000000008004f6a       0x2e zephyr/arch/arch/arm/core/cortex_m/libarch__arm__core__cortex_m.a(irq_init.c.obj)
                0x0000000008004f6a                z_arm_interrupt_init
 .text.mpu_init
                0x0000000008004f98        0xc zephyr/arch/arch/arm/core/mpu/libarch__arm__core__mpu.a(arm_mpu.c.obj)
 .text.mpu_partition_is_valid
                0x0000000008004fa4       0x44 zephyr/arch/arch/arm/core/mpu/libarch__arm__core__mpu.a(arm_mpu.c.obj)
 .text.size_to_mpu_rasr_size
                0x0000000008004fe8       0x3a zephyr/arch/arch/arm/core/mpu/libarch__arm__core__mpu.a(arm_mpu.c.obj)
 .text.get_region_attr_from_mpu_partition_info
                0x0000000008005022       0x2a zephyr/arch/arch/arm/core/mpu/libarch__arm__core__mpu.a(arm_mpu.c.obj)
 .text.mpu_clear_region
                0x000000000800504c       0x16 zephyr/arch/arch/arm/core/mpu/libarch__arm__core__mpu.a(arm_mpu.c.obj)
 .text.region_allocate_and_init
                0x0000000008005062       0x6a zephyr/arch/arch/arm/core/mpu/libarch__arm__core__mpu.a(arm_mpu.c.obj)
 .text.mpu_configure_regions_from_dt
                0x00000000080050cc      0x292 zephyr/arch/arch/arm/core/mpu/libarch__arm__core__mpu.a(arm_mpu.c.obj)
 .text.mpu_configure_region
                0x000000000800535e       0x84 zephyr/arch/arch/arm/core/mpu/libarch__arm__core__mpu.a(arm_mpu.c.obj)
 .text.mpu_configure_regions
                0x00000000080053e2      0x11e zephyr/arch/arch/arm/core/mpu/libarch__arm__core__mpu.a(arm_mpu.c.obj)
 .text.arm_core_mpu_configure_static_mpu_regions
                0x0000000008005500       0x24 zephyr/arch/arch/arm/core/mpu/libarch__arm__core__mpu.a(arm_mpu.c.obj)
                0x0000000008005500                arm_core_mpu_configure_static_mpu_regions
 .text.arm_core_mpu_configure_dynamic_mpu_regions
                0x0000000008005524       0x1e zephyr/arch/arch/arm/core/mpu/libarch__arm__core__mpu.a(arm_mpu.c.obj)
                0x0000000008005524                arm_core_mpu_configure_dynamic_mpu_regions
 .text.zephyr_fputc
                0x0000000008005542       0x1c zephyr/lib/libc/picolibc/liblib__libc__picolibc.a(libc-hooks.c.obj)
 .text.picolibc_put
                0x000000000800555e       0x20 zephyr/lib/libc/picolibc/liblib__libc__picolibc.a(libc-hooks.c.obj)
 .text.z_stm32_hsem_lock
                0x000000000800557e       0x14 zephyr/drivers/interrupt_controller/libdrivers__interrupt_controller.a(intc_exti_stm32.c.obj)
 .text.z_stm32_hsem_unlock
                0x0000000008005592       0x12 zephyr/drivers/interrupt_controller/libdrivers__interrupt_controller.a(intc_exti_stm32.c.obj)
 .text.stm32_exti_disable
                0x00000000080055a4       0x24 zephyr/drivers/interrupt_controller/libdrivers__interrupt_controller.a(intc_exti_stm32.c.obj)
                0x00000000080055a4                stm32_exti_disable
 .text.stm32_exti_is_pending
                0x00000000080055c8       0x2a zephyr/drivers/interrupt_controller/libdrivers__interrupt_controller.a(intc_exti_stm32.c.obj)
 .text.stm32_exti_clear_pending
                0x00000000080055f2       0x24 zephyr/drivers/interrupt_controller/libdrivers__interrupt_controller.a(intc_exti_stm32.c.obj)
 .text.stm32_clock_control_mco_init
                0x0000000008005616        0xc zephyr/drivers/clock_control/libdrivers__clock_control.a(clock_stm32_ll_common.c.obj)
 .text.get_bus_clock
                0x0000000008005622       0x1c zephyr/drivers/clock_control/libdrivers__clock_control.a(clock_stm32_ll_common.c.obj)
 .text.stm32_clock_control_on
                0x000000000800563e       0x60 zephyr/drivers/clock_control/libdrivers__clock_control.a(clock_stm32_ll_common.c.obj)
 .text.stm32_clock_control_off
                0x000000000800569e       0x62 zephyr/drivers/clock_control/libdrivers__clock_control.a(clock_stm32_ll_common.c.obj)
 .text.stm32_clock_control_configure
                0x0000000008005700       0xb6 zephyr/drivers/clock_control/libdrivers__clock_control.a(clock_stm32_ll_common.c.obj)
 .text.stm32_clock_control_get_status
                0x00000000080057b6       0x6e zephyr/drivers/clock_control/libdrivers__clock_control.a(clock_stm32_ll_common.c.obj)
 .text.stm32_clock_switch_to_hsi
                0x0000000008005824       0x36 zephyr/drivers/clock_control/libdrivers__clock_control.a(clock_stm32_ll_common.c.obj)
 .text.set_up_plls
                0x000000000800585a       0x36 zephyr/drivers/clock_control/libdrivers__clock_control.a(clock_stm32_ll_common.c.obj)
 .text.set_up_fixed_clock_sources
                0x0000000008005890       0x2e zephyr/drivers/clock_control/libdrivers__clock_control.a(clock_stm32_ll_common.c.obj)
 .text.config_pll_sysclock
                0x00000000080058be       0x28 zephyr/drivers/clock_control/libdrivers__clock_control.a(clock_stm32f0_f3.c.obj)
                0x00000000080058be                config_pll_sysclock
 .text.config_enable_default_clocks
                0x00000000080058e6       0x10 zephyr/drivers/clock_control/libdrivers__clock_control.a(clock_stm32f0_f3.c.obj)
                0x00000000080058e6                config_enable_default_clocks
 .text.z_impl_device_is_ready
                0x00000000080058f6       0x18 zephyr/drivers/console/libdrivers__console.a(uart_console.c.obj)
 .text.device_is_ready
                0x000000000800590e       0x18 zephyr/drivers/console/libdrivers__console.a(uart_console.c.obj)
 .text.z_impl_uart_poll_out
                0x0000000008005926       0x26 zephyr/drivers/console/libdrivers__console.a(uart_console.c.obj)
 .text.uart_poll_out
                0x000000000800594c       0x1e zephyr/drivers/console/libdrivers__console.a(uart_console.c.obj)
 .text.pm_device_runtime_get
                0x000000000800596a       0x14 zephyr/drivers/console/libdrivers__console.a(uart_console.c.obj)
 .text.pm_device_runtime_put_async
                0x000000000800597e       0x18 zephyr/drivers/console/libdrivers__console.a(uart_console.c.obj)
 .text.z_snode_next_peek
                0x0000000008005996       0x16 zephyr/drivers/gpio/libdrivers__gpio.a(gpio_stm32.c.obj)
 .text.z_snode_next_set
                0x00000000080059ac       0x1a zephyr/drivers/gpio/libdrivers__gpio.a(gpio_stm32.c.obj)
 .text.z_slist_head_set
                0x00000000080059c6       0x1a zephyr/drivers/gpio/libdrivers__gpio.a(gpio_stm32.c.obj)
 .text.z_slist_tail_set
                0x00000000080059e0       0x1a zephyr/drivers/gpio/libdrivers__gpio.a(gpio_stm32.c.obj)
 .text.sys_slist_peek_head
                0x00000000080059fa       0x16 zephyr/drivers/gpio/libdrivers__gpio.a(gpio_stm32.c.obj)
 .text.sys_slist_peek_tail
                0x0000000008005a10       0x16 zephyr/drivers/gpio/libdrivers__gpio.a(gpio_stm32.c.obj)
 .text.sys_slist_is_empty
                0x0000000008005a26       0x22 zephyr/drivers/gpio/libdrivers__gpio.a(gpio_stm32.c.obj)
 .text.sys_slist_peek_next_no_check
                0x0000000008005a48       0x18 zephyr/drivers/gpio/libdrivers__gpio.a(gpio_stm32.c.obj)
 .text.sys_slist_peek_next
                0x0000000008005a60       0x22 zephyr/drivers/gpio/libdrivers__gpio.a(gpio_stm32.c.obj)
 .text.sys_slist_prepend
                0x0000000008005a82       0x44 zephyr/drivers/gpio/libdrivers__gpio.a(gpio_stm32.c.obj)
 .text.sys_slist_remove
                0x0000000008005ac6       0x76 zephyr/drivers/gpio/libdrivers__gpio.a(gpio_stm32.c.obj)
 .text.sys_slist_find_and_remove
                0x0000000008005b3c       0x4a zephyr/drivers/gpio/libdrivers__gpio.a(gpio_stm32.c.obj)
 .text.z_impl_device_is_ready
                0x0000000008005b86       0x18 zephyr/drivers/gpio/libdrivers__gpio.a(gpio_stm32.c.obj)
 .text.device_is_ready
                0x0000000008005b9e       0x18 zephyr/drivers/gpio/libdrivers__gpio.a(gpio_stm32.c.obj)
 .text.LL_GPIO_SetPinMode
                0x0000000008005bb6       0x78 zephyr/drivers/gpio/libdrivers__gpio.a(gpio_stm32.c.obj)
 .text.LL_GPIO_SetPinOutputType
                0x0000000008005c2e       0x2e zephyr/drivers/gpio/libdrivers__gpio.a(gpio_stm32.c.obj)
 .text.LL_GPIO_SetPinSpeed
                0x0000000008005c5c       0x78 zephyr/drivers/gpio/libdrivers__gpio.a(gpio_stm32.c.obj)
 .text.LL_GPIO_SetPinPull
                0x0000000008005cd4       0x78 zephyr/drivers/gpio/libdrivers__gpio.a(gpio_stm32.c.obj)
 .text.LL_GPIO_SetAFPin_0_7
                0x0000000008005d4c       0x78 zephyr/drivers/gpio/libdrivers__gpio.a(gpio_stm32.c.obj)
 .text.LL_GPIO_SetAFPin_8_15
                0x0000000008005dc4       0x7c zephyr/drivers/gpio/libdrivers__gpio.a(gpio_stm32.c.obj)
 .text.LL_GPIO_ReadInputPort
                0x0000000008005e40       0x16 zephyr/drivers/gpio/libdrivers__gpio.a(gpio_stm32.c.obj)
 .text.LL_GPIO_WriteOutputPort
                0x0000000008005e56       0x1a zephyr/drivers/gpio/libdrivers__gpio.a(gpio_stm32.c.obj)
 .text.LL_GPIO_ReadOutputPort
                0x0000000008005e70       0x16 zephyr/drivers/gpio/libdrivers__gpio.a(gpio_stm32.c.obj)
 .text.LL_GPIO_ResetOutputPin
                0x0000000008005e86       0x1a zephyr/drivers/gpio/libdrivers__gpio.a(gpio_stm32.c.obj)
 .text.clock_control_on
                0x0000000008005ea0       0x24 zephyr/drivers/gpio/libdrivers__gpio.a(gpio_stm32.c.obj)
 .text.clock_control_off
                0x0000000008005ec4       0x24 zephyr/drivers/gpio/libdrivers__gpio.a(gpio_stm32.c.obj)
 .text.pm_device_runtime_enable
                0x0000000008005ee8       0x14 zephyr/drivers/gpio/libdrivers__gpio.a(gpio_stm32.c.obj)
 .text.pm_device_runtime_get
                0x0000000008005efc       0x14 zephyr/drivers/gpio/libdrivers__gpio.a(gpio_stm32.c.obj)
 .text.pm_device_runtime_put
                0x0000000008005f10       0x14 zephyr/drivers/gpio/libdrivers__gpio.a(gpio_stm32.c.obj)
 .text.z_stm32_hsem_lock
                0x0000000008005f24       0x14 zephyr/drivers/gpio/libdrivers__gpio.a(gpio_stm32.c.obj)
 .text.z_stm32_hsem_unlock
                0x0000000008005f38       0x12 zephyr/drivers/gpio/libdrivers__gpio.a(gpio_stm32.c.obj)
 .text.gpio_manage_callback
                0x0000000008005f4a       0x74 zephyr/drivers/gpio/libdrivers__gpio.a(gpio_stm32.c.obj)
 .text.gpio_fire_callbacks
                0x0000000008005fbe       0xaa zephyr/drivers/gpio/libdrivers__gpio.a(gpio_stm32.c.obj)
 .text.gpio_stm32_isr
                0x0000000008006068       0x2e zephyr/drivers/gpio/libdrivers__gpio.a(gpio_stm32.c.obj)
 .text.gpio_stm32_flags_to_conf
                0x0000000008006096       0xd6 zephyr/drivers/gpio/libdrivers__gpio.a(gpio_stm32.c.obj)
 .text.stm32_pinval_get
                0x000000000800616c       0x1e zephyr/drivers/gpio/libdrivers__gpio.a(gpio_stm32.c.obj)
 .text.gpio_stm32_configure_raw
                0x000000000800618a       0xba zephyr/drivers/gpio/libdrivers__gpio.a(gpio_stm32.c.obj)
 .text.gpio_stm32_pin_to_exti_line
                0x0000000008006244       0x36 zephyr/drivers/gpio/libdrivers__gpio.a(gpio_stm32.c.obj)
 .text.gpio_stm32_set_exti_source
                0x000000000800627a       0x34 zephyr/drivers/gpio/libdrivers__gpio.a(gpio_stm32.c.obj)
 .text.gpio_stm32_get_exti_source
                0x00000000080062ae       0x24 zephyr/drivers/gpio/libdrivers__gpio.a(gpio_stm32.c.obj)
 .text.gpio_stm32_port_get_raw
                0x00000000080062d2       0x2c zephyr/drivers/gpio/libdrivers__gpio.a(gpio_stm32.c.obj)
 .text.gpio_stm32_port_set_masked_raw
                0x00000000080062fe       0x52 zephyr/drivers/gpio/libdrivers__gpio.a(gpio_stm32.c.obj)
 .text.gpio_stm32_port_set_bits_raw
                0x0000000008006350       0x28 zephyr/drivers/gpio/libdrivers__gpio.a(gpio_stm32.c.obj)
 .text.gpio_stm32_port_clear_bits_raw
                0x0000000008006378       0x28 zephyr/drivers/gpio/libdrivers__gpio.a(gpio_stm32.c.obj)
 .text.gpio_stm32_port_toggle_bits
                0x00000000080063a0       0x3c zephyr/drivers/gpio/libdrivers__gpio.a(gpio_stm32.c.obj)
 .text.gpio_stm32_configure
                0x00000000080063dc       0x7a zephyr/drivers/gpio/libdrivers__gpio.a(gpio_stm32.c.obj)
                0x00000000080063dc                gpio_stm32_configure
 .text.gpio_stm32_config
                0x0000000008006456       0xc8 zephyr/drivers/gpio/libdrivers__gpio.a(gpio_stm32.c.obj)
 .text.gpio_stm32_manage_callback
                0x000000000800651e       0x2c zephyr/drivers/gpio/libdrivers__gpio.a(gpio_stm32.c.obj)
 .text.pinctrl_lookup_state
                0x000000000800654a       0x56 zephyr/drivers/pinctrl/libdrivers__pinctrl.a(common.c.obj)
                0x000000000800654a                pinctrl_lookup_state
 .text.z_impl_device_is_ready
                0x00000000080065a0       0x18 zephyr/drivers/pinctrl/libdrivers__pinctrl.a(pinctrl_stm32.c.obj)
 .text.device_is_ready
                0x00000000080065b8       0x18 zephyr/drivers/pinctrl/libdrivers__pinctrl.a(pinctrl_stm32.c.obj)
 .text.pinctrl_configure_pins
                0x00000000080065d0       0xc0 zephyr/drivers/pinctrl/libdrivers__pinctrl.a(pinctrl_stm32.c.obj)
                0x00000000080065d0                pinctrl_configure_pins
 .text.reset_stm32_status
                0x0000000008006690       0x5a zephyr/drivers/reset/libdrivers__reset.a(reset_stm32.c.obj)
 .text.reset_stm32_line_assert
                0x00000000080066ea       0x4e zephyr/drivers/reset/libdrivers__reset.a(reset_stm32.c.obj)
 .text.reset_stm32_line_deassert
                0x0000000008006738       0x50 zephyr/drivers/reset/libdrivers__reset.a(reset_stm32.c.obj)
 .text.reset_stm32_line_toggle
                0x0000000008006788       0x24 zephyr/drivers/reset/libdrivers__reset.a(reset_stm32.c.obj)
 .text.z_impl_device_is_ready
                0x00000000080067ac       0x18 zephyr/drivers/serial/libdrivers__serial.a(uart_stm32.c.obj)
 .text.device_is_ready
                0x00000000080067c4       0x18 zephyr/drivers/serial/libdrivers__serial.a(uart_stm32.c.obj)
 .text.clock_control_on
                0x00000000080067dc       0x24 zephyr/drivers/serial/libdrivers__serial.a(uart_stm32.c.obj)
 .text.clock_control_get_rate
                0x0000000008006800       0x36 zephyr/drivers/serial/libdrivers__serial.a(uart_stm32.c.obj)
 .text.pinctrl_apply_state_direct
                0x0000000008006836       0x28 zephyr/drivers/serial/libdrivers__serial.a(uart_stm32.c.obj)
 .text.pinctrl_apply_state
                0x000000000800685e       0x3a zephyr/drivers/serial/libdrivers__serial.a(uart_stm32.c.obj)
 .text.z_impl_reset_line_toggle
                0x0000000008006898       0x32 zephyr/drivers/serial/libdrivers__serial.a(uart_stm32.c.obj)
 .text.reset_line_toggle_dt
                0x00000000080068ca       0x22 zephyr/drivers/serial/libdrivers__serial.a(uart_stm32.c.obj)
 .text.reset_line_toggle
                0x00000000080068ec       0x1c zephyr/drivers/serial/libdrivers__serial.a(uart_stm32.c.obj)
 .text.LL_USART_Enable
                0x0000000008006908       0x1e zephyr/drivers/serial/libdrivers__serial.a(uart_stm32.c.obj)
 .text.LL_USART_Disable
                0x0000000008006926       0x1e zephyr/drivers/serial/libdrivers__serial.a(uart_stm32.c.obj)
 .text.LL_USART_SetTransferDirection
                0x0000000008006944       0x46 zephyr/drivers/serial/libdrivers__serial.a(uart_stm32.c.obj)
 .text.LL_USART_SetParity
                0x000000000800698a       0x24 zephyr/drivers/serial/libdrivers__serial.a(uart_stm32.c.obj)
 .text.LL_USART_GetParity
                0x00000000080069ae       0x1a zephyr/drivers/serial/libdrivers__serial.a(uart_stm32.c.obj)
 .text.LL_USART_SetDataWidth
                0x00000000080069c8       0x24 zephyr/drivers/serial/libdrivers__serial.a(uart_stm32.c.obj)
 .text.LL_USART_GetDataWidth
                0x00000000080069ec       0x1a zephyr/drivers/serial/libdrivers__serial.a(uart_stm32.c.obj)
 .text.LL_USART_SetOverSampling
                0x0000000008006a06       0x24 zephyr/drivers/serial/libdrivers__serial.a(uart_stm32.c.obj)
 .text.LL_USART_SetStopBitsLength
                0x0000000008006a2a       0x24 zephyr/drivers/serial/libdrivers__serial.a(uart_stm32.c.obj)
 .text.LL_USART_GetStopBitsLength
                0x0000000008006a4e       0x1a zephyr/drivers/serial/libdrivers__serial.a(uart_stm32.c.obj)
 .text.LL_USART_ConfigCharacter
                0x0000000008006a68       0x40 zephyr/drivers/serial/libdrivers__serial.a(uart_stm32.c.obj)
 .text.LL_USART_SetTXRXSwap
                0x0000000008006aa8       0x24 zephyr/drivers/serial/libdrivers__serial.a(uart_stm32.c.obj)
 .text.LL_USART_SetRXPinLevel
                0x0000000008006acc       0x24 zephyr/drivers/serial/libdrivers__serial.a(uart_stm32.c.obj)
 .text.LL_USART_SetTXPinLevel
                0x0000000008006af0       0x24 zephyr/drivers/serial/libdrivers__serial.a(uart_stm32.c.obj)
 .text.LL_USART_SetHWFlowCtrl
                0x0000000008006b14       0x24 zephyr/drivers/serial/libdrivers__serial.a(uart_stm32.c.obj)
 .text.LL_USART_GetHWFlowCtrl
                0x0000000008006b38       0x1a zephyr/drivers/serial/libdrivers__serial.a(uart_stm32.c.obj)
 .text.LL_USART_SetBaudRate
                0x0000000008006b52       0x6c zephyr/drivers/serial/libdrivers__serial.a(uart_stm32.c.obj)
 .text.LL_USART_EnableHalfDuplex
                0x0000000008006bbe       0x1e zephyr/drivers/serial/libdrivers__serial.a(uart_stm32.c.obj)
 .text.LL_USART_SetDEDeassertionTime
                0x0000000008006bdc       0x26 zephyr/drivers/serial/libdrivers__serial.a(uart_stm32.c.obj)
 .text.LL_USART_SetDEAssertionTime
                0x0000000008006c02       0x26 zephyr/drivers/serial/libdrivers__serial.a(uart_stm32.c.obj)
 .text.LL_USART_EnableDEMode
                0x0000000008006c28       0x1e zephyr/drivers/serial/libdrivers__serial.a(uart_stm32.c.obj)
 .text.LL_USART_DisableDEMode
                0x0000000008006c46       0x1e zephyr/drivers/serial/libdrivers__serial.a(uart_stm32.c.obj)
 .text.LL_USART_IsEnabledDEMode
                0x0000000008006c64       0x26 zephyr/drivers/serial/libdrivers__serial.a(uart_stm32.c.obj)
 .text.LL_USART_SetDESignalPolarity
                0x0000000008006c8a       0x24 zephyr/drivers/serial/libdrivers__serial.a(uart_stm32.c.obj)
 .text.LL_USART_IsActiveFlag_PE
                0x0000000008006cae       0x24 zephyr/drivers/serial/libdrivers__serial.a(uart_stm32.c.obj)
 .text.LL_USART_IsActiveFlag_FE
                0x0000000008006cd2       0x24 zephyr/drivers/serial/libdrivers__serial.a(uart_stm32.c.obj)
 .text.LL_USART_IsActiveFlag_NE
                0x0000000008006cf6       0x24 zephyr/drivers/serial/libdrivers__serial.a(uart_stm32.c.obj)
 .text.LL_USART_IsActiveFlag_ORE
                0x0000000008006d1a       0x24 zephyr/drivers/serial/libdrivers__serial.a(uart_stm32.c.obj)
 .text.LL_USART_IsActiveFlag_RXNE
                0x0000000008006d3e       0x24 zephyr/drivers/serial/libdrivers__serial.a(uart_stm32.c.obj)
 .text.LL_USART_IsActiveFlag_TXE
                0x0000000008006d62       0x24 zephyr/drivers/serial/libdrivers__serial.a(uart_stm32.c.obj)
 .text.LL_USART_IsActiveFlag_LBD
                0x0000000008006d86       0x26 zephyr/drivers/serial/libdrivers__serial.a(uart_stm32.c.obj)
 .text.LL_USART_IsActiveFlag_TEACK
                0x0000000008006dac       0x26 zephyr/drivers/serial/libdrivers__serial.a(uart_stm32.c.obj)
 .text.LL_USART_IsActiveFlag_REACK
                0x0000000008006dd2       0x26 zephyr/drivers/serial/libdrivers__serial.a(uart_stm32.c.obj)
 .text.LL_USART_ClearFlag_PE
                0x0000000008006df8       0x18 zephyr/drivers/serial/libdrivers__serial.a(uart_stm32.c.obj)
 .text.LL_USART_ClearFlag_FE
                0x0000000008006e10       0x18 zephyr/drivers/serial/libdrivers__serial.a(uart_stm32.c.obj)
 .text.LL_USART_ClearFlag_NE
                0x0000000008006e28       0x18 zephyr/drivers/serial/libdrivers__serial.a(uart_stm32.c.obj)
 .text.LL_USART_ClearFlag_ORE
                0x0000000008006e40       0x18 zephyr/drivers/serial/libdrivers__serial.a(uart_stm32.c.obj)
 .text.LL_USART_ClearFlag_LBD
                0x0000000008006e58       0x1a zephyr/drivers/serial/libdrivers__serial.a(uart_stm32.c.obj)
 .text.LL_USART_ReceiveData8
                0x0000000008006e72       0x1a zephyr/drivers/serial/libdrivers__serial.a(uart_stm32.c.obj)
 .text.LL_USART_TransmitData8
                0x0000000008006e8c       0x1e zephyr/drivers/serial/libdrivers__serial.a(uart_stm32.c.obj)
 .text.uart_stm32_set_baudrate
                0x0000000008006eaa       0x8a zephyr/drivers/serial/libdrivers__serial.a(uart_stm32.c.obj)
 .text.uart_stm32_set_parity
                0x0000000008006f34       0x24 zephyr/drivers/serial/libdrivers__serial.a(uart_stm32.c.obj)
 .text.uart_stm32_get_parity
                0x0000000008006f58       0x22 zephyr/drivers/serial/libdrivers__serial.a(uart_stm32.c.obj)
 .text.uart_stm32_set_stopbits
                0x0000000008006f7a       0x24 zephyr/drivers/serial/libdrivers__serial.a(uart_stm32.c.obj)
 .text.uart_stm32_get_stopbits
                0x0000000008006f9e       0x22 zephyr/drivers/serial/libdrivers__serial.a(uart_stm32.c.obj)
 .text.uart_stm32_set_databits
                0x0000000008006fc0       0x24 zephyr/drivers/serial/libdrivers__serial.a(uart_stm32.c.obj)
 .text.uart_stm32_get_databits
                0x0000000008006fe4       0x22 zephyr/drivers/serial/libdrivers__serial.a(uart_stm32.c.obj)
 .text.uart_stm32_set_hwctrl
                0x0000000008007006       0x24 zephyr/drivers/serial/libdrivers__serial.a(uart_stm32.c.obj)
 .text.uart_stm32_get_hwctrl
                0x000000000800702a       0x22 zephyr/drivers/serial/libdrivers__serial.a(uart_stm32.c.obj)
 .text.uart_stm32_set_driver_enable
                0x000000000800704c       0x36 zephyr/drivers/serial/libdrivers__serial.a(uart_stm32.c.obj)
 .text.uart_stm32_get_driver_enable
                0x0000000008007082       0x2c zephyr/drivers/serial/libdrivers__serial.a(uart_stm32.c.obj)
 .text.uart_stm32_cfg2ll_parity
                0x00000000080070ae       0x2e zephyr/drivers/serial/libdrivers__serial.a(uart_stm32.c.obj)
 .text.uart_stm32_ll2cfg_parity
                0x00000000080070dc       0x2c zephyr/drivers/serial/libdrivers__serial.a(uart_stm32.c.obj)
 .text.uart_stm32_cfg2ll_stopbits
                0x0000000008007108       0x3e zephyr/drivers/serial/libdrivers__serial.a(uart_stm32.c.obj)
 .text.uart_stm32_ll2cfg_stopbits
                0x0000000008007146       0x3e zephyr/drivers/serial/libdrivers__serial.a(uart_stm32.c.obj)
 .text.uart_stm32_cfg2ll_databits
                0x0000000008007184       0x4a zephyr/drivers/serial/libdrivers__serial.a(uart_stm32.c.obj)
 .text.uart_stm32_ll2cfg_databits
                0x00000000080071ce       0x4c zephyr/drivers/serial/libdrivers__serial.a(uart_stm32.c.obj)
 .text.uart_stm32_cfg2ll_hwctrl
                0x000000000800721a       0x2c zephyr/drivers/serial/libdrivers__serial.a(uart_stm32.c.obj)
 .text.uart_stm32_ll2cfg_hwctrl
                0x0000000008007246       0x20 zephyr/drivers/serial/libdrivers__serial.a(uart_stm32.c.obj)
 .text.uart_stm32_parameters_set
                0x0000000008007266      0x128 zephyr/drivers/serial/libdrivers__serial.a(uart_stm32.c.obj)
 .text.uart_stm32_config_get
                0x000000000800738e       0x9c zephyr/drivers/serial/libdrivers__serial.a(uart_stm32.c.obj)
 .text.uart_stm32_poll_in_visitor
                0x000000000800742a       0x54 zephyr/drivers/serial/libdrivers__serial.a(uart_stm32.c.obj)
 .text.uart_stm32_poll_out_visitor
                0x000000000800747e       0x7e zephyr/drivers/serial/libdrivers__serial.a(uart_stm32.c.obj)
 .text.poll_in_u8
                0x00000000080074fc       0x24 zephyr/drivers/serial/libdrivers__serial.a(uart_stm32.c.obj)
 .text.poll_out_u8
                0x0000000008007520       0x22 zephyr/drivers/serial/libdrivers__serial.a(uart_stm32.c.obj)
 .text.uart_stm32_err_check
                0x0000000008007542       0xf8 zephyr/drivers/serial/libdrivers__serial.a(uart_stm32.c.obj)
 .text.uart_stm32_clocks_enable
                0x000000000800763a       0x92 zephyr/drivers/serial/libdrivers__serial.a(uart_stm32.c.obj)
 .text.uart_stm32_init
                0x00000000080076cc       0x54 zephyr/drivers/serial/libdrivers__serial.a(uart_stm32.c.obj)
 .text.k_object_init
                0x0000000008007720       0x12 zephyr/kernel/libkernel.a(device.c.obj)
 .text.z_device_is_ready
                0x0000000008007732       0x42 zephyr/kernel/libkernel.a(device.c.obj)
                0x0000000008007732                z_device_is_ready
 .text.k_thread_abort
                0x0000000008007774       0x16 zephyr/kernel/libkernel.a(fatal.c.obj)
 .text.coredump
                0x000000000800778a       0x16 zephyr/kernel/libkernel.a(fatal.c.obj)
                0x000000000800778a                coredump
 .text.arch_system_halt
                0x00000000080077a0       0x20 zephyr/kernel/libkernel.a(fatal.c.obj)
                0x00000000080077a0                arch_system_halt
 .text.k_sys_fatal_error_handler
                0x00000000080077c0       0x2a zephyr/kernel/libkernel.a(fatal.c.obj)
                0x00000000080077c0                k_sys_fatal_error_handler
 .text.atomic_add
                0x00000000080077ea       0x32 zephyr/kernel/libkernel.a(init.c.obj)
 .text.atomic_inc
                0x000000000800781c       0x1a zephyr/kernel/libkernel.a(init.c.obj)
 .text.Z_KERNEL_STACK_BUFFER
                0x0000000008007836       0x16 zephyr/kernel/libkernel.a(init.c.obj)
 .text.z_mark_thread_as_started
                0x000000000800784c       0x20 zephyr/kernel/libkernel.a(init.c.obj)
 .text.gcov_static_init
                0x000000000800786c        0xc zephyr/kernel/libkernel.a(init.c.obj)
 .text.pm_device_runtime_auto_enable
                0x0000000008007878       0x14 zephyr/kernel/libkernel.a(init.c.obj)
 .text.z_early_memset
                0x000000000800788c       0x1e zephyr/kernel/libkernel.a(init.c.obj)
                0x000000000800788c                z_early_memset
 .text.z_early_memcpy
                0x00000000080078aa       0x1e zephyr/kernel/libkernel.a(init.c.obj)
                0x00000000080078aa                z_early_memcpy
 .text.sys_dlist_init
                0x00000000080078c8       0x1e zephyr/kernel/libkernel.a(thread.c.obj)
 .text.sys_dnode_init
                0x00000000080078e6       0x1e zephyr/kernel/libkernel.a(thread.c.obj)
 .text.Z_KERNEL_STACK_BUFFER
                0x0000000008007904       0x16 zephyr/kernel/libkernel.a(thread.c.obj)
 .text.k_thread_start
                0x000000000800791a       0x16 zephyr/kernel/libkernel.a(thread.c.obj)
 .text.z_init_timeout
                0x0000000008007930       0x18 zephyr/kernel/libkernel.a(thread.c.obj)
 .text.z_init_thread_timeout
                0x0000000008007948       0x1a zephyr/kernel/libkernel.a(thread.c.obj)
 .text.z_waitq_init
                0x0000000008007962       0x18 zephyr/kernel/libkernel.a(thread.c.obj)
 .text.z_impl_k_thread_start
                0x000000000800797a       0x16 zephyr/kernel/libkernel.a(thread.c.obj)
                0x000000000800797a                z_impl_k_thread_start
 .text.schedule_new_thread
                0x0000000008007990       0x3a zephyr/kernel/libkernel.a(thread.c.obj)
 .text.setup_thread_stack
                0x00000000080079ca      0x102 zephyr/kernel/libkernel.a(thread.c.obj)
 .text.z_init_thread_base
                0x0000000008007acc       0x40 zephyr/kernel/libkernel.a(thread.c.obj)
                0x0000000008007acc                z_init_thread_base
 .text.sys_dlist_init
                0x0000000008007b0c       0x1e zephyr/kernel/libkernel.a(sched.c.obj)
 .text.sys_dnode_init
                0x0000000008007b2a       0x1e zephyr/kernel/libkernel.a(sched.c.obj)
 .text.sys_dnode_is_linked
                0x0000000008007b48       0x20 zephyr/kernel/libkernel.a(sched.c.obj)
 .text.sys_dlist_is_empty
                0x0000000008007b68       0x22 zephyr/kernel/libkernel.a(sched.c.obj)
 .text.sys_dlist_peek_head
                0x0000000008007b8a       0x24 zephyr/kernel/libkernel.a(sched.c.obj)
 .text.sys_dlist_peek_next_no_check
                0x0000000008007bae       0x26 zephyr/kernel/libkernel.a(sched.c.obj)
 .text.sys_dlist_peek_next
                0x0000000008007bd4       0x26 zephyr/kernel/libkernel.a(sched.c.obj)
 .text.sys_dlist_append
                0x0000000008007bfa       0x32 zephyr/kernel/libkernel.a(sched.c.obj)
 .text.sys_dlist_insert
                0x0000000008007c2c       0x32 zephyr/kernel/libkernel.a(sched.c.obj)
 .text.sys_dlist_remove
                0x0000000008007c5e       0x2e zephyr/kernel/libkernel.a(sched.c.obj)
 .text.z_is_inactive_timeout
                0x0000000008007c8c       0x30 zephyr/kernel/libkernel.a(sched.c.obj)
 .text.z_abort_thread_timeout
                0x0000000008007cbc       0x1c zephyr/kernel/libkernel.a(sched.c.obj)
 .text.z_reschedule_unlocked
                0x0000000008007cd8       0x2a zephyr/kernel/libkernel.a(sched.c.obj)
 .text.z_is_thread_prevented_from_running
                0x0000000008007d02       0x28 zephyr/kernel/libkernel.a(sched.c.obj)
 .text.z_is_thread_timeout_active
                0x0000000008007d2a       0x32 zephyr/kernel/libkernel.a(sched.c.obj)
 .text.z_is_thread_ready
                0x0000000008007d5c       0x40 zephyr/kernel/libkernel.a(sched.c.obj)
 .text.z_has_thread_started
                0x0000000008007d9c       0x24 zephyr/kernel/libkernel.a(sched.c.obj)
 .text.z_is_thread_state_set
                0x0000000008007dc0       0x28 zephyr/kernel/libkernel.a(sched.c.obj)
 .text.z_is_thread_queued
                0x0000000008007de8       0x1a zephyr/kernel/libkernel.a(sched.c.obj)
 .text.z_mark_thread_as_not_suspended
                0x0000000008007e02       0x20 zephyr/kernel/libkernel.a(sched.c.obj)
 .text.z_mark_thread_as_started
                0x0000000008007e22       0x20 zephyr/kernel/libkernel.a(sched.c.obj)
 .text.z_mark_thread_as_not_pending
                0x0000000008007e42       0x20 zephyr/kernel/libkernel.a(sched.c.obj)
 .text.z_is_prio1_higher_than_prio2
                0x0000000008007e62       0x22 zephyr/kernel/libkernel.a(sched.c.obj)
 .text.z_is_prio_higher
                0x0000000008007e84       0x1c zephyr/kernel/libkernel.a(sched.c.obj)
 .text.z_waitq_head
                0x0000000008007ea0       0x1a zephyr/kernel/libkernel.a(sched.c.obj)
 .text.z_swap_irqlock
                0x0000000008007eba       0x1a zephyr/kernel/libkernel.a(sched.c.obj)
 .text.is_preempt
                0x0000000008007ed4       0x20 zephyr/kernel/libkernel.a(sched.c.obj)
 .text.is_metairq
                0x0000000008007ef4       0x14 zephyr/kernel/libkernel.a(sched.c.obj)
 .text.z_sched_prio_cmp
                0x0000000008007f08       0x36 zephyr/kernel/libkernel.a(sched.c.obj)
                0x0000000008007f08                z_sched_prio_cmp
 .text.should_queue_thread
                0x0000000008007f3e       0x14 zephyr/kernel/libkernel.a(sched.c.obj)
 .text.signal_pending_ipi
                0x0000000008007f52        0xc zephyr/kernel/libkernel.a(sched.c.obj)
 .text.clear_halting
                0x0000000008007f5e       0x20 zephyr/kernel/libkernel.a(sched.c.obj)
 .text.flag_ipi
                0x0000000008007f7e        0xc zephyr/kernel/libkernel.a(sched.c.obj)
 .text.update_metairq_preempt
                0x0000000008007f8a       0x12 zephyr/kernel/libkernel.a(sched.c.obj)
 .text.thread_active_elsewhere
                0x0000000008007f9c       0x14 zephyr/kernel/libkernel.a(sched.c.obj)
 .text.pended_on_thread
                0x0000000008007fb0       0x16 zephyr/kernel/libkernel.a(sched.c.obj)
 .text.unpend_thread_no_timeout
                0x0000000008007fc6       0x2c zephyr/kernel/libkernel.a(sched.c.obj)
 .text.z_thread_timeout
                0x0000000008007ff2       0x1e zephyr/kernel/libkernel.a(sched.c.obj)
                0x0000000008007ff2                z_thread_timeout
 .text.resched  0x0000000008008010       0x4e zephyr/kernel/libkernel.a(sched.c.obj)
 .text.z_reschedule
                0x000000000800805e       0x62 zephyr/kernel/libkernel.a(sched.c.obj)
                0x000000000800805e                z_reschedule
 .text.z_reschedule_irqlock
                0x00000000080080c0       0x44 zephyr/kernel/libkernel.a(sched.c.obj)
                0x00000000080080c0                z_reschedule_irqlock
 .text.z_priq_dumb_remove
                0x0000000008008104       0x1a zephyr/kernel/libkernel.a(sched.c.obj)
                0x0000000008008104                z_priq_dumb_remove
 .text.z_priq_dumb_best
                0x000000000800811e       0x28 zephyr/kernel/libkernel.a(sched.c.obj)
                0x000000000800811e                z_priq_dumb_best
 .text.init_ready_q
                0x0000000008008146       0x1a zephyr/kernel/libkernel.a(sched.c.obj)
                0x0000000008008146                init_ready_q
 .text.unpend_all
                0x0000000008008160       0x44 zephyr/kernel/libkernel.a(sched.c.obj)
 .text.k_cpu_idle
                0x00000000080081a4        0xc zephyr/kernel/libkernel.a(idle.c.obj)
 .text.idle     0x00000000080081b0       0x28 zephyr/kernel/libkernel.a(idle.c.obj)
                0x00000000080081b0                idle
 .text.sys_dnode_init
                0x00000000080081d8       0x1e zephyr/kernel/libkernel.a(timeout.c.obj)
 .text.sys_dnode_is_linked
                0x00000000080081f6       0x20 zephyr/kernel/libkernel.a(timeout.c.obj)
 .text.sys_dlist_is_empty
                0x0000000008008216       0x22 zephyr/kernel/libkernel.a(timeout.c.obj)
 .text.sys_dlist_peek_head
                0x0000000008008238       0x24 zephyr/kernel/libkernel.a(timeout.c.obj)
 .text.sys_dlist_peek_next_no_check
                0x000000000800825c       0x26 zephyr/kernel/libkernel.a(timeout.c.obj)
 .text.sys_dlist_peek_next
                0x0000000008008282       0x26 zephyr/kernel/libkernel.a(timeout.c.obj)
 .text.sys_dlist_append
                0x00000000080082a8       0x32 zephyr/kernel/libkernel.a(timeout.c.obj)
 .text.sys_dlist_insert
                0x00000000080082da       0x32 zephyr/kernel/libkernel.a(timeout.c.obj)
 .text.sys_dlist_remove
                0x000000000800830c       0x2e zephyr/kernel/libkernel.a(timeout.c.obj)
 .text.remove_timeout
                0x000000000800833a       0x40 zephyr/kernel/libkernel.a(timeout.c.obj)
 .text.next_timeout
                0x000000000800837a       0x7c zephyr/kernel/libkernel.a(timeout.c.obj)
 .text.strnlen  0x00000000080083f6       0x18 c:\users\caiog\.zephyr_ide\toolchains\zephyr-sdk-0.16.8\arm-zephyr-eabi\bin\../lib/gcc/../../picolibc/arm-zephyr-eabi/lib/thumb/v7e-m/nofp\libc.a(libc_string_strnlen.c.o)
                0x00000000080083f6                strnlen
 .text.__ultoa_invert
                0x000000000800840e       0xae c:\users\caiog\.zephyr_ide\toolchains\zephyr-sdk-0.16.8\arm-zephyr-eabi\bin\../lib/gcc/../../picolibc/arm-zephyr-eabi/lib/thumb/v7e-m/nofp\libc.a(libc_tinystdio_vflprintf.c.o)
 .text.memcpy   0x00000000080084bc       0x1c c:\users\caiog\.zephyr_ide\toolchains\zephyr-sdk-0.16.8\arm-zephyr-eabi\bin\../lib/gcc/../../picolibc/arm-zephyr-eabi/lib/thumb/v7e-m/nofp\libc.a(memcpy.c.o)
                0x00000000080084bc                __aeabi_memcpy
                0x00000000080084bc                __aeabi_memcpy4
                0x00000000080084bc                __aeabi_memcpy8
                0x00000000080084bc                memcpy
 .text.memset   0x00000000080084d8       0x10 c:\users\caiog\.zephyr_ide\toolchains\zephyr-sdk-0.16.8\arm-zephyr-eabi\bin\../lib/gcc/../../picolibc/arm-zephyr-eabi/lib/thumb/v7e-m/nofp\libc.a(memset.c.o)
                0x00000000080084d8                memset
 *(SORT_BY_ALIGNMENT(.TEXT.*))
 .TEXT.__aeabi_read_tp
                0x00000000080084e8        0xc zephyr/arch/arch/arm/core/cortex_m/libarch__arm__core__cortex_m.a(__aeabi_read_tp.S.obj)
                0x00000000080084e8                __aeabi_read_tp
 *(SORT_BY_ALIGNMENT(.gnu.linkonce.t.*))
 *(SORT_BY_ALIGNMENT(.glue_7t))
 .glue_7t       0x00000000080084f4        0x0 linker stubs
 *(SORT_BY_ALIGNMENT(.glue_7))
 .glue_7        0x00000000080084f4        0x0 linker stubs
 *(SORT_BY_ALIGNMENT(.vfp11_veneer))
 .vfp11_veneer  0x00000000080084f4        0x0 linker stubs
 *(SORT_BY_ALIGNMENT(.v4_bx))
 .v4_bx         0x00000000080084f4        0x0 linker stubs
                0x00000000080084f4                . = ALIGN (0x4)
                0x00000000080084f4                __text_region_end = .

.ARM.exidx      0x00000000080084f4        0x0
                0x00000000080084f4                __exidx_start = .
 *(SORT_BY_ALIGNMENT(.ARM.exidx*) SORT_BY_ALIGNMENT(gnu.linkonce.armexidx.*))
                0x00000000080084f4                __exidx_end = .
                0x00000000080084f4                __rodata_region_start = .

initlevel       0x00000000080084f4       0x80
                0x00000000080084f4                __init_start = .
                0x00000000080084f4                __init_EARLY_start = .
 *(SORT_BY_NAME(SORT_BY_ALIGNMENT(.z_init_EARLY?_*)))
 *(SORT_BY_NAME(SORT_BY_ALIGNMENT(.z_init_EARLY??_*)))
                0x00000000080084f4                __init_PRE_KERNEL_1_start = .
 *(SORT_BY_NAME(SORT_BY_ALIGNMENT(.z_init_PRE_KERNEL_1?_*)))
 .z_init_PRE_KERNEL_10_0_
                0x00000000080084f4        0x8 zephyr/libzephyr.a(soc.c.obj)
 .z_init_PRE_KERNEL_11_00009_
                0x00000000080084fc        0x8 zephyr/drivers/clock_control/libdrivers__clock_control.a(clock_stm32_ll_common.c.obj)
 .z_init_PRE_KERNEL_11_0_
                0x0000000008008504        0x8 zephyr/libzephyr.a(soc_config.c.obj)
 *(SORT_BY_NAME(SORT_BY_ALIGNMENT(.z_init_PRE_KERNEL_1??_*)))
 .z_init_PRE_KERNEL_135_00045_
                0x000000000800850c        0x8 zephyr/drivers/reset/libdrivers__reset.a(reset_stm32.c.obj)
 .z_init_PRE_KERNEL_140_00029_
                0x0000000008008514        0x8 zephyr/drivers/gpio/libdrivers__gpio.a(gpio_stm32.c.obj)
 .z_init_PRE_KERNEL_140_00032_
                0x000000000800851c        0x8 zephyr/drivers/gpio/libdrivers__gpio.a(gpio_stm32.c.obj)
 .z_init_PRE_KERNEL_140_00042_
                0x0000000008008524        0x8 zephyr/drivers/interrupt_controller/libdrivers__interrupt_controller.a(intc_exti_stm32.c.obj)
 .z_init_PRE_KERNEL_140_00066_
                0x000000000800852c        0x8 zephyr/drivers/gpio/libdrivers__gpio.a(gpio_stm32.c.obj)
 .z_init_PRE_KERNEL_140_00067_
                0x0000000008008534        0x8 zephyr/drivers/gpio/libdrivers__gpio.a(gpio_stm32.c.obj)
 .z_init_PRE_KERNEL_140_00068_
                0x000000000800853c        0x8 zephyr/drivers/gpio/libdrivers__gpio.a(gpio_stm32.c.obj)
 .z_init_PRE_KERNEL_140_00069_
                0x0000000008008544        0x8 zephyr/drivers/gpio/libdrivers__gpio.a(gpio_stm32.c.obj)
 .z_init_PRE_KERNEL_155_00046_
                0x000000000800854c        0x8 zephyr/drivers/serial/libdrivers__serial.a(uart_stm32.c.obj)
 .z_init_PRE_KERNEL_155_00052_
                0x0000000008008554        0x8 zephyr/drivers/serial/libdrivers__serial.a(uart_stm32.c.obj)
 .z_init_PRE_KERNEL_160_0_
                0x000000000800855c        0x8 zephyr/drivers/console/libdrivers__console.a(uart_console.c.obj)
                0x0000000008008564                __init_PRE_KERNEL_2_start = .
 *(SORT_BY_NAME(SORT_BY_ALIGNMENT(.z_init_PRE_KERNEL_2?_*)))
 .z_init_PRE_KERNEL_20_0_
                0x0000000008008564        0x8 zephyr/drivers/timer/libdrivers__timer.a(cortex_m_systick.c.obj)
 *(SORT_BY_NAME(SORT_BY_ALIGNMENT(.z_init_PRE_KERNEL_2??_*)))
                0x000000000800856c                __init_POST_KERNEL_start = .
 *(SORT_BY_NAME(SORT_BY_ALIGNMENT(.z_init_POST_KERNEL?_*)))
 *(SORT_BY_NAME(SORT_BY_ALIGNMENT(.z_init_POST_KERNEL??_*)))
 .z_init_POST_KERNEL40_0_
                0x000000000800856c        0x8 zephyr/lib/libc/common/liblib__libc__common.a(malloc.c.obj)
                0x0000000008008574                __init_APPLICATION_start = .
 *(SORT_BY_NAME(SORT_BY_ALIGNMENT(.z_init_APPLICATION?_*)))
 *(SORT_BY_NAME(SORT_BY_ALIGNMENT(.z_init_APPLICATION??_*)))
                0x0000000008008574                __init_SMP_start = .
 *(SORT_BY_NAME(SORT_BY_ALIGNMENT(.z_init_SMP?_*)))
 *(SORT_BY_NAME(SORT_BY_ALIGNMENT(.z_init_SMP??_*)))
                0x0000000008008574                __init_end = .

device_area     0x0000000008008574       0xdc
                0x0000000008008574                _device_list_start = .
 *(SORT_BY_NAME(SORT_BY_ALIGNMENT(._device.static.*_?_*)))
 ._device.static.1_1_
                0x0000000008008574       0x14 zephyr/drivers/clock_control/libdrivers__clock_control.a(clock_stm32_ll_common.c.obj)
                0x0000000008008574                __device_dts_ord_9
 *(SORT_BY_NAME(SORT_BY_ALIGNMENT(._device.static.*_??_*)))
 ._device.static.1_35_
                0x0000000008008588       0x14 zephyr/drivers/reset/libdrivers__reset.a(reset_stm32.c.obj)
                0x0000000008008588                __device_dts_ord_45
 ._device.static.1_40_
                0x000000000800859c       0x14 zephyr/drivers/interrupt_controller/libdrivers__interrupt_controller.a(intc_exti_stm32.c.obj)
                0x000000000800859c                __device_dts_ord_42
 ._device.static.1_40_
                0x00000000080085b0       0x78 zephyr/drivers/gpio/libdrivers__gpio.a(gpio_stm32.c.obj)
                0x00000000080085b0                __device_dts_ord_32
                0x00000000080085c4                __device_dts_ord_66
                0x00000000080085d8                __device_dts_ord_29
                0x00000000080085ec                __device_dts_ord_67
                0x0000000008008600                __device_dts_ord_68
                0x0000000008008614                __device_dts_ord_69
 ._device.static.1_55_
                0x0000000008008628       0x28 zephyr/drivers/serial/libdrivers__serial.a(uart_stm32.c.obj)
                0x0000000008008628                __device_dts_ord_52
                0x000000000800863c                __device_dts_ord_46
                0x0000000008008650                _device_list_end = .

sw_isr_table    0x0000000008008650      0x2a8
                0x0000000008008650                . = ALIGN (0x4)
 *(SORT_BY_ALIGNMENT(.gnu.linkonce.sw_isr_table*))
 .gnu.linkonce.sw_isr_table
                0x0000000008008650      0x2a8 zephyr/arch/common/libisr_tables.a(isr_tables.c.obj)
                0x0000000008008650                _sw_isr_table

initlevel_error
                0x00000000080084f4        0x0
 *(SORT_BY_NAME(SORT_BY_ALIGNMENT(.z_init_[_A-Z0-9]*)))
                0x0000000000000001                ASSERT ((SIZEOF (initlevel_error) == 0x0), Undefined initialization levels used.)

app_shmem_regions
                0x00000000080088f8        0x0
                0x00000000080088f8                __app_shmem_regions_start = .
 *(SORT_BY_NAME(SORT_BY_ALIGNMENT(.app_regions.*)))
                0x00000000080088f8                __app_shmem_regions_end = .

k_p4wq_initparam_area
                0x00000000080088f8        0x0
                0x00000000080088f8                _k_p4wq_initparam_list_start = .
 *(SORT_BY_NAME(SORT_BY_ALIGNMENT(._k_p4wq_initparam.static.*)))
                0x00000000080088f8                _k_p4wq_initparam_list_end = .

_static_thread_data_area
                0x00000000080088f8        0x0
                0x00000000080088f8                __static_thread_data_list_start = .
 *(SORT_BY_NAME(SORT_BY_ALIGNMENT(.__static_thread_data.static.*)))
                0x00000000080088f8                __static_thread_data_list_end = .

device_deps     0x00000000080088f8        0x0
                0x00000000080088f8                __device_deps_start = .
 *(SORT_BY_NAME(SORT_BY_ALIGNMENT(.__device_deps_pass2*)))
                0x00000000080088f8                __device_deps_end = .

ztest           0x00000000080088f8        0x0
                0x00000000080088f8                _ztest_expected_result_entry_list_start = .
 *(SORT_BY_NAME(SORT_BY_ALIGNMENT(._ztest_expected_result_entry.static.*)))
                0x00000000080088f8                _ztest_expected_result_entry_list_end = .
                0x00000000080088f8                _ztest_suite_node_list_start = .
 *(SORT_BY_NAME(SORT_BY_ALIGNMENT(._ztest_suite_node.static.*)))
                0x00000000080088f8                _ztest_suite_node_list_end = .
                0x00000000080088f8                _ztest_unit_test_list_start = .
 *(SORT_BY_NAME(SORT_BY_ALIGNMENT(._ztest_unit_test.static.*)))
                0x00000000080088f8                _ztest_unit_test_list_end = .
                0x00000000080088f8                _ztest_test_rule_list_start = .
 *(SORT_BY_NAME(SORT_BY_ALIGNMENT(._ztest_test_rule.static.*)))
                0x00000000080088f8                _ztest_test_rule_list_end = .

bt_l2cap_fixed_chan_area
                0x00000000080088f8        0x0
                0x00000000080088f8                _bt_l2cap_fixed_chan_list_start = .
 *(SORT_BY_NAME(SORT_BY_ALIGNMENT(._bt_l2cap_fixed_chan.static.*)))
                0x00000000080088f8                _bt_l2cap_fixed_chan_list_end = .

bt_gatt_service_static_area
                0x00000000080088f8        0x0
                0x00000000080088f8                _bt_gatt_service_static_list_start = .
 *(SORT_BY_NAME(SORT_BY_ALIGNMENT(._bt_gatt_service_static.static.*)))
                0x00000000080088f8                _bt_gatt_service_static_list_end = .

log_strings_area
                0x00000000080088f8        0x0
                0x00000000080088f8                _log_strings_list_start = .
 *(SORT_BY_NAME(SORT_BY_ALIGNMENT(._log_strings.static.*)))
                0x00000000080088f8                _log_strings_list_end = .

log_const_area  0x00000000080088f8        0x0
                0x00000000080088f8                _log_const_list_start = .
 *(SORT_BY_NAME(SORT_BY_ALIGNMENT(._log_const.static.*)))
                0x00000000080088f8                _log_const_list_end = .

log_backend_area
                0x00000000080088f8        0x0
                0x00000000080088f8                _log_backend_list_start = .
 *(SORT_BY_NAME(SORT_BY_ALIGNMENT(._log_backend.static.*)))
                0x00000000080088f8                _log_backend_list_end = .

log_link_area   0x00000000080088f8        0x0
                0x00000000080088f8                _log_link_list_start = .
 *(SORT_BY_NAME(SORT_BY_ALIGNMENT(._log_link.static.*)))
                0x00000000080088f8                _log_link_list_end = .

tracing_backend_area
                0x00000000080088f8        0x0
                0x00000000080088f8                _tracing_backend_list_start = .
 *(SORT_BY_NAME(SORT_BY_ALIGNMENT(._tracing_backend.static.*)))
                0x00000000080088f8                _tracing_backend_list_end = .

zephyr_dbg_info
 *(SORT_BY_ALIGNMENT(.dbg_thread_info))

symbol_to_keep  0x00000000080088f8        0x0
                0x00000000080088f8                __symbol_to_keep_start = .
 *(SORT_BY_NAME(SORT_BY_ALIGNMENT(.symbol_to_keep*)))
                0x00000000080088f8                __symbol_to_keep_end = .

shell_area      0x00000000080088f8        0x0
                0x00000000080088f8                _shell_list_start = .
 *(SORT_BY_NAME(SORT_BY_ALIGNMENT(._shell.static.*)))
                0x00000000080088f8                _shell_list_end = .

shell_root_cmds_area
                0x00000000080088f8        0x0
                0x00000000080088f8                _shell_root_cmds_list_start = .
 *(SORT_BY_NAME(SORT_BY_ALIGNMENT(._shell_root_cmds.static.*)))
                0x00000000080088f8                _shell_root_cmds_list_end = .

shell_subcmds_area
                0x00000000080088f8        0x0
                0x00000000080088f8                _shell_subcmds_list_start = .
 *(SORT_BY_NAME(SORT_BY_ALIGNMENT(._shell_subcmds.static.*)))
                0x00000000080088f8                _shell_subcmds_list_end = .

shell_dynamic_subcmds_area
                0x00000000080088f8        0x0
                0x00000000080088f8                _shell_dynamic_subcmds_list_start = .
 *(SORT_BY_NAME(SORT_BY_ALIGNMENT(._shell_dynamic_subcmds.static.*)))
                0x00000000080088f8                _shell_dynamic_subcmds_list_end = .

cfb_font_area   0x00000000080088f8        0x0
                0x00000000080088f8                _cfb_font_list_start = .
 *(SORT_BY_NAME(SORT_BY_ALIGNMENT(._cfb_font.static.*)))
                0x00000000080088f8                _cfb_font_list_end = .

tdata           0x00000000080088f8        0x0
 *(SORT_BY_ALIGNMENT(.tdata) SORT_BY_ALIGNMENT(.tdata.*) SORT_BY_ALIGNMENT(.gnu.linkonce.td.*))

tbss            0x00000000080088f8        0x4
 *(SORT_BY_ALIGNMENT(.tbss) SORT_BY_ALIGNMENT(.tbss.*) SORT_BY_ALIGNMENT(.gnu.linkonce.tb.*) SORT_BY_ALIGNMENT(.tcommon))
 .tbss.z_tls_current
                0x00000000080088f8        0x4 zephyr/libzephyr.a(thread_entry.c.obj)
                0x00000000080088f8                z_tls_current
                0x00000000080088f8                PROVIDE (__tdata_start = LOADADDR (tdata))
                0x0000000000000000                PROVIDE (__tdata_size = SIZEOF (tdata))
                [!provide]                        PROVIDE (__tdata_end = (__tdata_start + __tdata_size))
                0x0000000000000001                PROVIDE (__tdata_align = ALIGNOF (tdata))
                [!provide]                        PROVIDE (__tbss_start = ADDR (tbss))
                0x0000000000000004                PROVIDE (__tbss_size = SIZEOF (tbss))
                [!provide]                        PROVIDE (__tbss_end = (__tbss_start + __tbss_size))
                0x0000000000000004                PROVIDE (__tbss_align = ALIGNOF (tbss))
                [!provide]                        PROVIDE (__tls_start = __tdata_start)
                [!provide]                        PROVIDE (__tls_end = __tbss_end)
                [!provide]                        PROVIDE (__tls_size = (__tbss_end - __tdata_start))

rodata          0x00000000080088f8      0x3c4
 *(SORT_BY_ALIGNMENT(.rodata))
 .rodata        0x00000000080088f8        0xf zephyr/arch/arch/arm/core/mpu/libarch__arm__core__mpu.a(arm_mpu_regions.c.obj)
 *fill*         0x0000000008008907        0x1 
 .rodata        0x0000000008008908       0x1e zephyr/drivers/interrupt_controller/libdrivers__interrupt_controller.a(intc_exti_stm32.c.obj)
 *fill*         0x0000000008008926        0x2 
 .rodata        0x0000000008008928        0xd zephyr/drivers/clock_control/libdrivers__clock_control.a(clock_stm32_ll_common.c.obj)
 *fill*         0x0000000008008935        0x3 
 .rodata        0x0000000008008938       0x66 zephyr/drivers/gpio/libdrivers__gpio.a(gpio_stm32.c.obj)
 *fill*         0x000000000800899e        0x2 
 .rodata        0x00000000080089a0       0x11 zephyr/drivers/reset/libdrivers__reset.a(reset_stm32.c.obj)
 *fill*         0x00000000080089b1        0x3 
 .rodata        0x00000000080089b4       0x20 zephyr/drivers/serial/libdrivers__serial.a(uart_stm32.c.obj)
 .rodata        0x00000000080089d4        0x5 zephyr/kernel/libkernel.a(init.c.obj)
 *fill*         0x00000000080089d9        0x3 
 .rodata        0x00000000080089dc       0x28 zephyr/kernel/libkernel.a(banner.c.obj)
 *(SORT_BY_ALIGNMENT(.rodata.*))
 .rodata.segmentos
                0x0000000008008a04       0x38 app/libapp.a(main.c.obj)
 .rodata.valores_segmentos
                0x0000000008008a3c       0x70 app/libapp.a(main.c.obj)
 .rodata.mem_attr_region
                0x0000000008008aac        0x0 zephyr/libzephyr.a(mem_attr.c.obj)
 .rodata.static_regions
                0x0000000008008aac        0xc zephyr/arch/arch/arm/core/mpu/libarch__arm__core__mpu.a(arm_core_mpu.c.obj)
 .rodata.mpu_regions
                0x0000000008008ab8       0x18 zephyr/arch/arch/arm/core/mpu/libarch__arm__core__mpu.a(arm_mpu_regions.c.obj)
 .rodata.mpu_config
                0x0000000008008ad0        0x8 zephyr/arch/arch/arm/core/mpu/libarch__arm__core__mpu.a(arm_mpu_regions.c.obj)
                0x0000000008008ad0                mpu_config
 .rodata.line_range_0.6
                0x0000000008008ad8        0x2 zephyr/drivers/interrupt_controller/libdrivers__interrupt_controller.a(intc_exti_stm32.c.obj)
 *fill*         0x0000000008008ada        0x2 
 .rodata.line_range_1.5
                0x0000000008008adc        0x2 zephyr/drivers/interrupt_controller/libdrivers__interrupt_controller.a(intc_exti_stm32.c.obj)
 *fill*         0x0000000008008ade        0x2 
 .rodata.line_range_2.4
                0x0000000008008ae0        0x2 zephyr/drivers/interrupt_controller/libdrivers__interrupt_controller.a(intc_exti_stm32.c.obj)
 *fill*         0x0000000008008ae2        0x2 
 .rodata.line_range_3.3
                0x0000000008008ae4        0x2 zephyr/drivers/interrupt_controller/libdrivers__interrupt_controller.a(intc_exti_stm32.c.obj)
 *fill*         0x0000000008008ae6        0x2 
 .rodata.line_range_4.2
                0x0000000008008ae8        0x2 zephyr/drivers/interrupt_controller/libdrivers__interrupt_controller.a(intc_exti_stm32.c.obj)
 *fill*         0x0000000008008aea        0x2 
 .rodata.line_range_5.1
                0x0000000008008aec        0x2 zephyr/drivers/interrupt_controller/libdrivers__interrupt_controller.a(intc_exti_stm32.c.obj)
 *fill*         0x0000000008008aee        0x2 
 .rodata.line_range_6.0
                0x0000000008008af0        0x2 zephyr/drivers/interrupt_controller/libdrivers__interrupt_controller.a(intc_exti_stm32.c.obj)
 *fill*         0x0000000008008af2        0x2 
 .rodata.gpio_stm32_driver
                0x0000000008008af4       0x24 zephyr/drivers/gpio/libdrivers__gpio.a(gpio_stm32.c.obj)
 .rodata.gpio_stm32_cfg_a
                0x0000000008008b18       0x14 zephyr/drivers/gpio/libdrivers__gpio.a(gpio_stm32.c.obj)
 .rodata.gpio_stm32_cfg_b
                0x0000000008008b2c       0x14 zephyr/drivers/gpio/libdrivers__gpio.a(gpio_stm32.c.obj)
 .rodata.gpio_stm32_cfg_c
                0x0000000008008b40       0x14 zephyr/drivers/gpio/libdrivers__gpio.a(gpio_stm32.c.obj)
 .rodata.gpio_stm32_cfg_d
                0x0000000008008b54       0x14 zephyr/drivers/gpio/libdrivers__gpio.a(gpio_stm32.c.obj)
 .rodata.gpio_stm32_cfg_e
                0x0000000008008b68       0x14 zephyr/drivers/gpio/libdrivers__gpio.a(gpio_stm32.c.obj)
 .rodata.gpio_stm32_cfg_f
                0x0000000008008b7c       0x14 zephyr/drivers/gpio/libdrivers__gpio.a(gpio_stm32.c.obj)
 .rodata.gpio_ports
                0x0000000008008b90       0x2c zephyr/drivers/pinctrl/libdrivers__pinctrl.a(pinctrl_stm32.c.obj)
 .rodata.reset_stm32_driver_api
                0x0000000008008bbc       0x10 zephyr/drivers/reset/libdrivers__reset.a(reset_stm32.c.obj)
 .rodata.reset_stm32_config
                0x0000000008008bcc        0x4 zephyr/drivers/reset/libdrivers__reset.a(reset_stm32.c.obj)
 .rodata.uart_stm32_driver_api
                0x0000000008008bd0       0x14 zephyr/drivers/serial/libdrivers__serial.a(uart_stm32.c.obj)
 .rodata.__pinctrl_state_pins_0__device_dts_ord_52
                0x0000000008008be4       0x10 zephyr/drivers/serial/libdrivers__serial.a(uart_stm32.c.obj)
 .rodata.__pinctrl_states__device_dts_ord_52
                0x0000000008008bf4        0x8 zephyr/drivers/serial/libdrivers__serial.a(uart_stm32.c.obj)
 .rodata.__pinctrl_dev_config__device_dts_ord_52
                0x0000000008008bfc        0x8 zephyr/drivers/serial/libdrivers__serial.a(uart_stm32.c.obj)
 .rodata.pclken_0
                0x0000000008008c04        0x8 zephyr/drivers/serial/libdrivers__serial.a(uart_stm32.c.obj)
 .rodata.uart_stm32_cfg_0
                0x0000000008008c0c       0x24 zephyr/drivers/serial/libdrivers__serial.a(uart_stm32.c.obj)
 .rodata.__pinctrl_state_pins_0__device_dts_ord_46
                0x0000000008008c30       0x10 zephyr/drivers/serial/libdrivers__serial.a(uart_stm32.c.obj)
 .rodata.__pinctrl_states__device_dts_ord_46
                0x0000000008008c40        0x8 zephyr/drivers/serial/libdrivers__serial.a(uart_stm32.c.obj)